Component: ARM Compiler 5.05 update 1 (build 106) Tool: armlink [4d0efa]

==============================================================================

Section Cross References

    main.o(i.main) refers to rt_memclr_w.o(.text) for __aeabi_memclr4
    main.o(i.main) refers to misc.o(i.NVIC_SetVectorTable) for NVIC_SetVectorTable
    main.o(i.main) refers to system_init.o(i.System_Init) for System_Init
    main.o(i.main) refers to cmd.o(i.run_output) for run_output
    main.o(i.main) refers to delay.o(i.delay_ms) for delay_ms
    main.o(i.main) refers to main.o(i.DeviceLEDType) for DeviceLEDType
    main.o(i.main) refers to cmd.o(i.Cfg_Model) for Cfg_Model
    main.o(i.main) refers to uart_485.o(i.water_err) for water_err
    main.o(i.main) refers to wdg.o(i.IWDG_Feed) for IWDG_Feed
    main.o(i.main) refers to usart.o(.data) for USART1_GetCmd
    main.o(i.main) refers to cmd.o(.data) for Get_cmd
    system_init.o(i.System_Init) refers to sys.o(i.NVIC_Configuration) for NVIC_Configuration
    system_init.o(i.System_Init) refers to delay.o(i.delay_init) for delay_init
    system_init.o(i.System_Init) refers to control.o(i.control_init) for control_init
    system_init.o(i.System_Init) refers to config.o(i.Config_Init) for Config_Init
    system_init.o(i.System_Init) refers to remote.o(i.Remote_init) for Remote_init
    system_init.o(i.System_Init) refers to receive.o(i.Receive_init) for Receive_init
    system_init.o(i.System_Init) refers to usart.o(i.USART1_Init) for USART1_Init
    system_init.o(i.System_Init) refers to drv_as62.o(i.AS32_Param_Init) for AS32_Param_Init
    system_init.o(i.System_Init) refers to cmd.o(i.TIM4_TIMEout_init) for TIM4_TIMEout_init
    system_init.o(i.System_Init) refers to uart_485.o(i.USART3_Init) for USART3_Init
    system_init.o(i.System_Init) refers to wdg.o(i.IWDG_Init) for IWDG_Init
    system_stm32f10x.o(i.SetSysClock) refers to system_stm32f10x.o(i.SetSysClockTo72) for SetSysClockTo72
    system_stm32f10x.o(i.SystemCoreClockUpdate) refers to system_stm32f10x.o(.data) for SystemCoreClock
    system_stm32f10x.o(i.SystemInit) refers to system_stm32f10x.o(i.SetSysClock) for SetSysClock
    startup_stm32f10x_md.o(STACK) refers (Special) to heapauxi.o(.text) for __use_two_region_memory
    startup_stm32f10x_md.o(HEAP) refers (Special) to heapauxi.o(.text) for __use_two_region_memory
    startup_stm32f10x_md.o(RESET) refers (Special) to heapauxi.o(.text) for __use_two_region_memory
    startup_stm32f10x_md.o(RESET) refers to startup_stm32f10x_md.o(STACK) for __initial_sp
    startup_stm32f10x_md.o(RESET) refers to startup_stm32f10x_md.o(.text) for Reset_Handler
    startup_stm32f10x_md.o(RESET) refers to stm32f10x_it.o(i.NMI_Handler) for NMI_Handler
    startup_stm32f10x_md.o(RESET) refers to stm32f10x_it.o(i.HardFault_Handler) for HardFault_Handler
    startup_stm32f10x_md.o(RESET) refers to stm32f10x_it.o(i.MemManage_Handler) for MemManage_Handler
    startup_stm32f10x_md.o(RESET) refers to stm32f10x_it.o(i.BusFault_Handler) for BusFault_Handler
    startup_stm32f10x_md.o(RESET) refers to stm32f10x_it.o(i.UsageFault_Handler) for UsageFault_Handler
    startup_stm32f10x_md.o(RESET) refers to stm32f10x_it.o(i.SVC_Handler) for SVC_Handler
    startup_stm32f10x_md.o(RESET) refers to stm32f10x_it.o(i.DebugMon_Handler) for DebugMon_Handler
    startup_stm32f10x_md.o(RESET) refers to stm32f10x_it.o(i.PendSV_Handler) for PendSV_Handler
    startup_stm32f10x_md.o(RESET) refers to stm32f10x_it.o(i.SysTick_Handler) for SysTick_Handler
    startup_stm32f10x_md.o(RESET) refers to remote.o(i.TIM1_UP_IRQHandler) for TIM1_UP_IRQHandler
    startup_stm32f10x_md.o(RESET) refers to receive.o(i.TIM2_IRQHandler) for TIM2_IRQHandler
    startup_stm32f10x_md.o(RESET) refers to cmd.o(i.TIM4_IRQHandler) for TIM4_IRQHandler
    startup_stm32f10x_md.o(RESET) refers to usart.o(i.USART1_IRQHandler) for USART1_IRQHandler
    startup_stm32f10x_md.o(RESET) refers to uart_485.o(i.USART3_IRQHandler) for USART3_IRQHandler
    startup_stm32f10x_md.o(.text) refers (Special) to heapauxi.o(.text) for __use_two_region_memory
    startup_stm32f10x_md.o(.text) refers to system_stm32f10x.o(i.SystemInit) for SystemInit
    startup_stm32f10x_md.o(.text) refers to __main.o(!!!main) for __main
    startup_stm32f10x_md.o(.text) refers to startup_stm32f10x_md.o(HEAP) for Heap_Mem
    startup_stm32f10x_md.o(.text) refers to startup_stm32f10x_md.o(STACK) for Stack_Mem
    stm32f10x_adc.o(i.ADC_DeInit) refers to stm32f10x_rcc.o(i.RCC_APB2PeriphResetCmd) for RCC_APB2PeriphResetCmd
    stm32f10x_bkp.o(i.BKP_DeInit) refers to stm32f10x_rcc.o(i.RCC_BackupResetCmd) for RCC_BackupResetCmd
    stm32f10x_can.o(i.CAN_DeInit) refers to stm32f10x_rcc.o(i.RCC_APB1PeriphResetCmd) for RCC_APB1PeriphResetCmd
    stm32f10x_can.o(i.CAN_GetITStatus) refers to stm32f10x_can.o(i.CheckITStatus) for CheckITStatus
    stm32f10x_cec.o(i.CEC_DeInit) refers to stm32f10x_rcc.o(i.RCC_APB1PeriphResetCmd) for RCC_APB1PeriphResetCmd
[...]
    ../clib/signal.c                         0x00000000   Number         0  defsig_rtred_inner.o ABSOLUTE
    ../clib/signal.s                         0x00000000   Number         0  defsig.o ABSOLUTE
    ../clib/stdlib.c                         0x00000000   Number         0  exit.o ABSOLUTE
    ../fplib/fpinit.s                        0x00000000   Number         0  fpinit.o ABSOLUTE
    ..\CORE\core_cm3.c                       0x00000000   Number         0  core_cm3.o ABSOLUTE
    ..\CORE\startup_stm32f10x_md.s           0x00000000   Number         0  startup_stm32f10x_md.o ABSOLUTE
    ..\CORE\system_stm32f10x.c               0x00000000   Number         0  system_stm32f10x.o ABSOLUTE
    ..\HARDWARE\CONTR\control.c              0x00000000   Number         0  control.o ABSOLUTE
    ..\HARDWARE\REMOTE\receive.c             0x00000000   Number         0  receive.o ABSOLUTE
    ..\HARDWARE\REMOTE\remote.c              0x00000000   Number         0  remote.o ABSOLUTE
    ..\HARDWARE\STMFLASH\stmflash.c          0x00000000   Number         0  stmflash.o ABSOLUTE
    ..\HARDWARE\UART_485\uart_485.c          0x00000000   Number         0  uart_485.o ABSOLUTE
    ..\HARDWARE\WDG\wdg.c                    0x00000000   Number         0  wdg.o ABSOLUTE
    ..\SOFTWARE\AS62\drv_AS62.c              0x00000000   Number         0  drv_as62.o ABSOLUTE
    ..\SOFTWARE\CMD\cmd.c                    0x00000000   Number         0  cmd.o ABSOLUTE
    ..\SOFTWARE\CMD\cmd1.c                   0x00000000   Number         0  cmd1.o ABSOLUTE
    ..\SOFTWARE\CRC\crc8_16.c                0x00000000   Number         0  crc8_16.o ABSOLUTE
    ..\STM32LIB\src\misc.c                   0x00000000   Number         0  misc.o ABSOLUTE
    ..\STM32LIB\src\stm32f10x_adc.c          0x00000000   Number         0  stm32f10x_adc.o ABSOLUTE
    ..\STM32LIB\src\stm32f10x_bkp.c          0x00000000   Number         0  stm32f10x_bkp.o ABSOLUTE
    ..\STM32LIB\src\stm32f10x_can.c          0x00000000   Number         0  stm32f10x_can.o ABSOLUTE
    ..\STM32LIB\src\stm32f10x_cec.c          0x00000000   Number         0  stm32f10x_cec.o ABSOLUTE
    ..\STM32LIB\src\stm32f10x_crc.c          0x00000000   Number         0  stm32f10x_crc.o ABSOLUTE
    ..\STM32LIB\src\stm32f10x_dac.c          0x00000000   Number         0  stm32f10x_dac.o ABSOLUTE
    ..\STM32LIB\src\stm32f10x_dbgmcu.c       0x00000000   Number         0  stm32f10x_dbgmcu.o ABSOLUTE
    ..\STM32LIB\src\stm32f10x_dma.c          0x00000000   Number         0  stm32f10x_dma.o ABSOLUTE
    ..\STM32LIB\src\stm32f10x_exti.c         0x00000000   Number         0  stm32f10x_exti.o ABSOLUTE
    ..\STM32LIB\src\stm32f10x_flash.c        0x00000000   Number         0  stm32f10x_flash.o ABSOLUTE
    ..\STM32LIB\src\stm32f10x_fsmc.c         0x00000000   Number         0  stm32f10x_fsmc.o ABSOLUTE
    ..\STM32LIB\src\stm32f10x_gpio.c         0x00000000   Number         0  stm32f10x_gpio.o ABSOLUTE
    ..\STM32LIB\src\stm32f10x_i2c.c          0x00000000   Number         0  stm32f10x_i2c.o ABSOLUTE
    ..\STM32LIB\src\stm32f10x_iwdg.c         0x00000000   Number         0  stm32f10x_iwdg.o ABSOLUTE
    ..\STM32LIB\src\stm32f10x_pwr.c          0x00000000   Number         0  stm32f10x_pwr.o ABSOLUTE
    ..\STM32LIB\src\stm32f10x_rcc.c          0x00000000   Number         0  stm32f10x_rcc.o ABSOLUTE
    ..\STM32LIB\src\stm32f10x_rtc.c          0x00000000   Number         0  stm32f10x_rtc.o ABSOLUTE
    ..\STM32LIB\src\stm32f10x_sdio.c         0x00000000   Number         0  stm32f10x_sdio.o ABSOLUTE
    ..\STM32LIB\src\stm32f10x_spi.c          0x00000000   Number         0  stm32f10x_spi.o ABSOLUTE
    ..\STM32LIB\src\stm32f10x_tim.c          0x00000000   Number         0  stm32f10x_tim.o ABSOLUTE
    ..\STM32LIB\src\stm32f10x_usart.c        0x00000000   Number         0  stm32f10x_usart.o ABSOLUTE
    ..\STM32LIB\src\stm32f10x_wwdg.c         0x00000000   Number         0  stm32f10x_wwdg.o ABSOLUTE
    ..\SYSTEM\config.c                       0x00000000   Number         0  config.o ABSOLUTE
    ..\SYSTEM\delay\delay.c                  0x00000000   Number         0  delay.o ABSOLUTE
    ..\SYSTEM\sys\sys.c                      0x00000000   Number         0  sys.o ABSOLUTE
    ..\SYSTEM\usart\usart.c                  0x00000000   Number         0  usart.o ABSOLUTE
    ..\USER\main.c                           0x00000000   Number         0  main.o ABSOLUTE
    ..\USER\stm32f10x_it.c                   0x00000000   Number         0  stm32f10x_it.o ABSOLUTE
    ..\USER\system_init.c                    0x00000000   Number         0  system_init.o ABSOLUTE
    ..\\CORE\\core_cm3.c                     0x00000000   Number         0  core_cm3.o ABSOLUTE
    dc.s                                     0x00000000   Number         0  dc.o ABSOLUTE
    RESET                                    0x08002800   Section      236  startup_stm32f10x_md.o(RESET)
    !!!main                                  0x080028ec   Section        8  __main.o(!!!main)
    !!!scatter                               0x080028f4   Section       52  __scatter.o(!!!scatter)
    !!handler_copy                           0x08002928   Section       26  __scatter_copy.o(!!handler_copy)
    !!handler_zi                             0x08002944   Section       28  __scatter_zi.o(!!handler_zi)
    .ARM.Collect$$libinit$$00000000          0x08002960   Section        2  libinit.o(.ARM.Collect$$libinit$$00000000)
    .ARM.Collect$$libinit$$00000002          0x08002962   Section        0  libinit2.o(.ARM.Collect$$libinit$$00000002)
    .ARM.Collect$$libinit$$00000004          0x08002962   Section        0  libinit2.o(.ARM.Collect$$libinit$$00000004)
    .ARM.Collect$$libinit$$0000000A          0x08002962   Section        0  libinit2.o(.ARM.Collect$$libinit$$0000000A)
    .ARM.Collect$$libinit$$0000000C          0x08002962   Section        0  libinit2.o(.ARM.Collect$$libinit$$0000000C)
    .ARM.Collect$$libinit$$0000000E          0x08002962   Section        0  libinit2.o(.ARM.Collect$$libinit$$0000000E)
    .ARM.Collect$$libinit$$00000011          0x08002962   Section        0  libinit2.o(.ARM.Collect$$libinit$$00000011)
    .ARM.Collect$$libinit$$00000013          0x08002962   Section        0  libinit2.o(.ARM.Collect$$libinit$$00000013)
    .ARM.Collect$$libinit$$00000015          0x08002962   Section        0  libinit2.o(.ARM.Collect$$libinit$$00000015)
    .ARM.Collect$$libinit$$00000017          0x08002962   Section        0  libinit2.o(.ARM.Collect$$libinit$$00000017)
    .ARM.Collect$$libinit$$00000019          0x08002962   Section        0  libinit2.o(.ARM.Collect$$libinit$$00000019)
    .ARM.Collect$$libinit$$0000001B          0x08002962   Section        0  libinit2.o(.ARM.Collect$$libinit$$0000001B)
    .ARM.Collect$$libinit$$0000001D          0x08002962   Section        0  libinit2.o(.ARM.Collect$$libinit$$0000001D)
    .ARM.Collect$$libinit$$0000001F          0x08002962   Section        0  libinit2.o(.ARM.Collect$$libinit$$0000001F)
    .ARM.Collect$$libinit$$00000021          0x08002962   Section        0  libinit2.o(.ARM.Collect$$libinit$$00000021)
    .ARM.Collect$$libinit$$00000023          0x08002962   Section        0  libinit2.o(.ARM.Collect$$libinit$$00000023)
    .ARM.Collect$$libinit$$00000025          0x08002962   Section        0  libinit2.o(.ARM.Collect$$libinit$$00000025)
    .ARM.Collect$$libinit$$0000002C          0x08002962   Section        0  libinit2.o(.ARM.Collect$$libinit$$0000002C)
    .ARM.Collect$$libinit$$0000002E          0x08002962   Section        0  libinit2.o(.ARM.Collect$$libinit$$0000002E)
    .ARM.Collect$$libinit$$00000030          0x08002962   Section        0  libinit2.o(.ARM.Collect$$libinit$$00000030)
    .ARM.Collect$$libinit$$00000032          0x08002962   Section        0  libinit2.o(.ARM.Collect$$libinit$$00000032)
    .ARM.Collect$$libinit$$00000033          0x08002962   Section        2  libinit2.o(.ARM.Collect$$libinit$$00000033)
    .ARM.Collect$$libshutdown$$00000000      0x08002964   Section        2  libshutdown.o(.ARM.Collect$$libshutdown$$00000000)
    .ARM.Collect$$libshutdown$$00000003      0x08002966   Section        0  libshutdown2.o(.ARM.Collect$$libshutdown$$00000003)
    .ARM.Collect$$libshutdown$$00000006      0x08002966   Section        0  libshutdown2.o(.ARM.Collect$$libshutdown$$00000006)
    .ARM.Collect$$libshutdown$$00000009      0x08002966   Section        0  libshutdown2.o(.ARM.Collect$$libshutdown$$00000009)
    .ARM.Collect$$libshutdown$$0000000B      0x08002966   Section        0  libshutdown2.o(.ARM.Collect$$libshutdown$$0000000B)
    .ARM.Collect$$libshutdown$$0000000E      0x08002966   Section        0  libshutdown2.o(.ARM.Collect$$libshutdown$$0000000E)
    .ARM.Collect$$libshutdown$$0000000F      0x08002966   Section        2  libshutdown2.o(.ARM.Collect$$libshutdown$$0000000F)
    .ARM.Collect$$rtentry$$00000000          0x08002968   Section        0  __rtentry.o(.ARM.Collect$$rtentry$$00000000)
    .ARM.Collect$$rtentry$$00000002          0x08002968   Section        0  __rtentry2.o(.ARM.Collect$$rtentry$$00000002)
    .ARM.Collect$$rtentry$$00000004          0x08002968   Section        6  __rtentry4.o(.ARM.Collect$$rtentry$$00000004)
    .ARM.Collect$$rtentry$$00000009          0x0800296e   Section        0  __rtentry2.o(.ARM.Collect$$rtentry$$00000009)
    .ARM.Collect$$rtentry$$0000000A          0x0800296e   Section        4  __rtentry2.o(.ARM.Collect$$rtentry$$0000000A)
    .ARM.Collect$$rtentry$$0000000C          0x08002972   Section        0  __rtentry2.o(.ARM.Collect$$rtentry$$0000000C)
    .ARM.Collect$$rtentry$$0000000D          0x08002972   Section        8  __rtentry2.o(.ARM.Collect$$rtentry$$0000000D)
    .ARM.Collect$$rtexit$$00000000           0x0800297a   Section        2  rtexit.o(.ARM.Collect$$rtexit$$00000000)
    .ARM.Collect$$rtexit$$00000002           0x0800297c   Section        0  rtexit2.o(.ARM.Collect$$rtexit$$00000002)
    .ARM.Collect$$rtexit$$00000003           0x0800297c   Section        4  rtexit2.o(.ARM.Collect$$rtexit$$00000003)
    .ARM.Collect$$rtexit$$00000004           0x08002980   Section        6  rtexit2.o(.ARM.Collect$$rtexit$$00000004)
    .text                                    0x08002988   Section       64  startup_stm32f10x_md.o(.text)
    .text                                    0x080029c8   Section        2  use_no_semi_2.o(.text)
    .text                                    0x080029ca   Section      138  rt_memcpy_v6.o(.text)
    .text                                    0x08002a54   Section       78  rt_memclr_w.o(.text)
    .text                                    0x08002aa2   Section        0  heapauxi.o(.text)
    .text                                    0x08002aa8   Section        2  use_no_semi.o(.text)
    .text                                    0x08002aaa   Section      100  rt_memcpy_w.o(.text)
    .text                                    0x08002b0e   Section       74  sys_stackheap_outer.o(.text)
    .text                                    0x08002b58   Section        0  exit.o(.text)
    .text                                    0x08002b64   Section        8  libspace.o(.text)
    i.AS32_Param_Init                        0x08002b6c   Section        0  drv_as62.o(i.AS32_Param_Init)
    i.AS32_TX_none                           0x08002c04   Section        0  drv_as62.o(i.AS32_TX_none)
    i.BusFault_Handler                       0x08002c40   Section        0  stm32f10x_it.o(i.BusFault_Handler)
    i.Cfg_Model                              0x08002c44   Section        0  cmd.o(i.Cfg_Model)
    i.Clear_Cupture                          0x08002d7c   Section        0  receive.o(i.Clear_Cupture)
    i.Cmd_cs_off                             0x08002da4   Section        0  cmd.o(i.Cmd_cs_off)
    i.Cmd_cs_on                              0x08002dec   Section        0  cmd.o(i.Cmd_cs_on)
    i.Cmd_jh_off                             0x08002e34   Section        0  cmd.o(i.Cmd_jh_off)
    i.Cmd_jh_on                              0x08002e8c   Section        0  cmd.o(i.Cmd_jh_on)
    i.Cmd_kt_down                            0x08002ee4   Section        0  cmd.o(i.Cmd_kt_down)
    i.Cmd_kt_off                             0x08002f7c   Section        0  cmd.o(i.Cmd_kt_off)
    i.Cmd_kt_on                              0x08003014   Section        0  cmd.o(i.Cmd_kt_on)
    i.Cmd_kt_up                              0x080030a4   Section        0  cmd.o(i.Cmd_kt_up)
    i.Config_Init                            0x08003138   Section        0  config.o(i.Config_Init)
    i.DebugMon_Handler                       0x08003270   Section        0  stm32f10x_it.o(i.DebugMon_Handler)
    i.DeviceLEDType                          0x08003272   Section        0  main.o(i.DeviceLEDType)
    i.FLASH_ErasePage                        0x080032e8   Section        0  stm32f10x_flash.o(i.FLASH_ErasePage)
    i.FLASH_GetBank1Status                   0x08003334   Section        0  stm32f10x_flash.o(i.FLASH_GetBank1Status)
    i.FLASH_Lock                             0x08003368   Section        0  stm32f10x_flash.o(i.FLASH_Lock)
    i.FLASH_ProgramHalfWord                  0x0800337c   Section        0  stm32f10x_flash.o(i.FLASH_ProgramHalfWord)
    i.FLASH_Unlock                           0x080033bc   Section        0  stm32f10x_flash.o(i.FLASH_Unlock)
    i.FLASH_WaitForLastOperation             0x080033d4   Section        0  stm32f10x_flash.o(i.FLASH_WaitForLastOperation)
    i.GPIO_Init                              0x080033fa   Section        0  stm32f10x_gpio.o(i.GPIO_Init)
    i.GPIO_PinRemapConfig                    0x08003510   Section        0  stm32f10x_gpio.o(i.GPIO_PinRemapConfig)
    i.GPIO_ResetBits                         0x080035a0   Section        0  stm32f10x_gpio.o(i.GPIO_ResetBits)
    i.GPIO_SetBits                           0x080035a4   Section        0  stm32f10x_gpio.o(i.GPIO_SetBits)
    i.Get_BuffData                           0x080035a8   Section        0  usart.o(i.Get_BuffData)
    Get_BuffData                             0x080035a9   Thumb Code    78  usart.o(i.Get_BuffData)
    i.Get_Crc16                              0x08003608   Section        0  crc8_16.o(i.Get_Crc16)
    i.Get_Key                                0x08003640   Section        0  cmd.o(i.Get_Key)
    i.Get_cmd_NEW_MODE                       0x08003654   Section        0  cmd1.o(i.Get_cmd_NEW_MODE)
    i.HardFault_Handler                      0x08003734   Section        0  stm32f10x_it.o(i.HardFault_Handler)
    i.IWDG_Enable                            0x08003738   Section        0  stm32f10x_iwdg.o(i.IWDG_Enable)
    i.IWDG_Feed                              0x08003748   Section        0  wdg.o(i.IWDG_Feed)
    i.IWDG_Init                              0x08003750   Section        0  wdg.o(i.IWDG_Init)
    i.IWDG_ReloadCounter                     0x08003774   Section        0  stm32f10x_iwdg.o(i.IWDG_ReloadCounter)
    i.IWDG_SetPrescaler                      0x08003784   Section        0  stm32f10x_iwdg.o(i.IWDG_SetPrescaler)
    i.IWDG_SetReload                         0x08003790   Section        0  stm32f10x_iwdg.o(i.IWDG_SetReload)
    i.IWDG_WriteAccessCmd                    0x0800379c   Section        0  stm32f10x_iwdg.o(i.IWDG_WriteAccessCmd)
    i.KEY_IRQHandler                         0x080037a8   Section        0  cmd.o(i.KEY_IRQHandler)
    i.Load_Config                            0x08003808   Section        0  stmflash.o(i.Load_Config)
    i.Load_Key_Down                          0x08003840   Section        0  stmflash.o(i.Load_Key_Down)
    i.Load_Key_Off                           0x08003858   Section        0  stmflash.o(i.Load_Key_Off)
    i.Load_Key_On                            0x08003870   Section        0  stmflash.o(i.Load_Key_On)
    i.Load_Key_Up                            0x08003888   Section        0  stmflash.o(i.Load_Key_Up)
    i.MemManage_Handler                      0x080038a0   Section        0  stm32f10x_it.o(i.MemManage_Handler)
    i.MyDevice_On                            0x080038a4   Section        0  cmd1.o(i.MyDevice_On)
    i.NMI_Handler                            0x08003986   Section        0  stm32f10x_it.o(i.NMI_Handler)
    i.NVIC_Configuration                     0x08003988   Section        0  sys.o(i.NVIC_Configuration)
    i.NVIC_Init                              0x08003994   Section        0  misc.o(i.NVIC_Init)
    i.NVIC_PriorityGroupConfig               0x08003a04   Section        0  misc.o(i.NVIC_PriorityGroupConfig)
    i.NVIC_SetVectorTable                    0x08003a18   Section        0  misc.o(i.NVIC_SetVectorTable)
    i.PendSV_Handler                         0x08003a2c   Section        0  stm32f10x_it.o(i.PendSV_Handler)
    i.RCC_APB1PeriphClockCmd                 0x08003a30   Section        0  stm32f10x_rcc.o(i.RCC_APB1PeriphClockCmd)
    i.RCC_APB1PeriphResetCmd                 0x08003a50   Section        0  stm32f10x_rcc.o(i.RCC_APB1PeriphResetCmd)
    i.RCC_APB2PeriphClockCmd                 0x08003a70   Section        0  stm32f10x_rcc.o(i.RCC_APB2PeriphClockCmd)
    i.RCC_APB2PeriphResetCmd                 0x08003a90   Section        0  stm32f10x_rcc.o(i.RCC_APB2PeriphResetCmd)
    i.RCC_GetClocksFreq                      0x08003ab0   Section        0  stm32f10x_rcc.o(i.RCC_GetClocksFreq)
    i.RECV_MODE1_IRQ                         0x08003b84   Section        0  usart.o(i.RECV_MODE1_IRQ)
    i.RS485_Receive_Data                     0x08003bdc   Section        0  uart_485.o(i.RS485_Receive_Data)
    i.RS485_Send_Data                        0x08003c2c   Section        0  uart_485.o(i.RS485_Send_Data)
    i.ReceiveEnd_IRQHandler                  0x08003c80   Section        0  receive.o(i.ReceiveEnd_IRQHandler)
    i.Receive_Cmd                            0x08003ca8   Section        0  receive.o(i.Receive_Cmd)
    i.Receive_GetState                       0x08003cd0   Section        0  receive.o(i.Receive_GetState)
    i.Receive_SaveKey                        0x08003cf4   Section        0  receive.o(i.Receive_SaveKey)
    i.Receive_USER                           0x08003d38   Section        0  receive.o(i.Receive_USER)
    i.Receive_init                           0x08003da4   Section        0  receive.o(i.Receive_init)
    i.Remote_End                             0x08003e6c   Section        0  remote.o(i.Remote_End)
    i.Remote_GREE                            0x08003e98   Section        0  remote.o(i.Remote_GREE)
    i.Remote_GetState                        0x080040d0   Section        0  remote.o(i.Remote_GetState)
    i.Remote_MIDEA                           0x080040dc   Section        0  remote.o(i.Remote_MIDEA)
    i.Remote_Start                           0x080042fc   Section        0  remote.o(i.Remote_Start)
    i.Remote_USER                            0x08004324   Section        0  remote.o(i.Remote_USER)
    i.Remote_init                            0x080043d0   Section        0  remote.o(i.Remote_init)
    i.Remote_send                            0x080044e0   Section        0  remote.o(i.Remote_send)
    i.Remote_send_USER                       0x08004560   Section        0  remote.o(i.Remote_send_USER)
    i.Return_NEW                             0x08004644   Section        0  cmd1.o(i.Return_NEW)
    i.Run_Time_IRQ                           0x080046b4   Section        0  cmd1.o(i.Run_Time_IRQ)
    i.STMFLASH_Read                          0x080046ec   Section        0  stmflash.o(i.STMFLASH_Read)
    i.STMFLASH_ReadHalfWord                  0x0800470e   Section        0  stmflash.o(i.STMFLASH_ReadHalfWord)
    i.STMFLASH_Write                         0x08004714   Section        0  stmflash.o(i.STMFLASH_Write)
    i.STMFLASH_Write_NoCheck                 0x080047fc   Section        0  stmflash.o(i.STMFLASH_Write_NoCheck)
    i.SVC_Handler                            0x08004822   Section        0  stm32f10x_it.o(i.SVC_Handler)
    i.Save_Config                            0x08004824   Section        0  stmflash.o(i.Save_Config)
    i.Save_Key_Down                          0x08004838   Section        0  stmflash.o(i.Save_Key_Down)
    i.Save_Key_Off                           0x08004850   Section        0  stmflash.o(i.Save_Key_Off)
    i.Save_Key_On                            0x08004868   Section        0  stmflash.o(i.Save_Key_On)
    i.Save_Key_Up                            0x08004880   Section        0  stmflash.o(i.Save_Key_Up)
    i.See_BuffData                           0x08004898   Section        0  usart.o(i.See_BuffData)
    See_BuffData                             0x08004899   Thumb Code    32  usart.o(i.See_BuffData)
    i.See_BuffNextData                       0x080048c0   Section        0  usart.o(i.See_BuffNextData)
    See_BuffNextData                         0x080048c1   Thumb Code    26  usart.o(i.See_BuffNextData)
    i.SetSysClock                            0x080048e4   Section        0  system_stm32f10x.o(i.SetSysClock)
    SetSysClock                              0x080048e5   Thumb Code     8  system_stm32f10x.o(i.SetSysClock)
    i.SetSysClockTo72                        0x080048ec   Section        0  system_stm32f10x.o(i.SetSysClockTo72)
    SetSysClockTo72                          0x080048ed   Thumb Code   214  system_stm32f10x.o(i.SetSysClockTo72)
    i.SysTick_CLKSourceConfig                0x080049cc   Section        0  misc.o(i.SysTick_CLKSourceConfig)
    i.SysTick_Handler                        0x080049f4   Section        0  stm32f10x_it.o(i.SysTick_Handler)
    i.SystemInit                             0x080049f8   Section        0  system_stm32f10x.o(i.SystemInit)
    i.System_Init                            0x08004a58   Section        0  system_init.o(i.System_Init)
    i.TI1_Config                             0x08004a9c   Section        0  stm32f10x_tim.o(i.TI1_Config)
    TI1_Config                               0x08004a9d   Thumb Code   108  stm32f10x_tim.o(i.TI1_Config)
    i.TI2_Config                             0x08004b1c   Section        0  stm32f10x_tim.o(i.TI2_Config)
    TI2_Config                               0x08004b1d   Thumb Code   130  stm32f10x_tim.o(i.TI2_Config)
    i.TI3_Config                             0x08004bb4   Section        0  stm32f10x_tim.o(i.TI3_Config)
    TI3_Config                               0x08004bb5   Thumb Code   122  stm32f10x_tim.o(i.TI3_Config)
    i.TI4_Config                             0x08004c44   Section        0  stm32f10x_tim.o(i.TI4_Config)
    TI4_Config                               0x08004c45   Thumb Code   130  stm32f10x_tim.o(i.TI4_Config)
    i.TIM1_UP_IRQHandler                     0x08004cdc   Section        0  remote.o(i.TIM1_UP_IRQHandler)
    i.TIM2_IRQHandler                        0x08004cf8   Section        0  receive.o(i.TIM2_IRQHandler)
    i.TIM4_IRQHandler                        0x08004d30   Section        0  cmd.o(i.TIM4_IRQHandler)
    i.TIM4_TIMEout_init                      0x08004d58   Section        0  cmd.o(i.TIM4_TIMEout_init)
    i.TIM_ClearITPendingBit                  0x08004dbc   Section        0  stm32f10x_tim.o(i.TIM_ClearITPendingBit)
    i.TIM_Cmd                                0x08004dc2   Section        0  stm32f10x_tim.o(i.TIM_Cmd)
    i.TIM_GetCapture2                        0x08004dda   Section        0  stm32f10x_tim.o(i.TIM_GetCapture2)
    i.TIM_GetITStatus                        0x08004de0   Section        0  stm32f10x_tim.o(i.TIM_GetITStatus)
    i.TIM_ICInit                             0x08004e04   Section        0  stm32f10x_tim.o(i.TIM_ICInit)
    i.TIM_ITConfig                           0x08004eb0   Section        0  stm32f10x_tim.o(i.TIM_ITConfig)
    i.TIM_OC4Init                            0x08004ec4   Section        0  stm32f10x_tim.o(i.TIM_OC4Init)
    i.TIM_OC4PreloadConfig                   0x08004f40   Section        0  stm32f10x_tim.o(i.TIM_OC4PreloadConfig)
    i.TIM_SetCounter                         0x08004f5a   Section        0  stm32f10x_tim.o(i.TIM_SetCounter)
    i.TIM_SetIC1Prescaler                    0x08004f5e   Section        0  stm32f10x_tim.o(i.TIM_SetIC1Prescaler)
    i.TIM_SetIC2Prescaler                    0x08004f70   Section        0  stm32f10x_tim.o(i.TIM_SetIC2Prescaler)
    i.TIM_SetIC3Prescaler                    0x08004f8a   Section        0  stm32f10x_tim.o(i.TIM_SetIC3Prescaler)
    i.TIM_SetIC4Prescaler                    0x08004f9c   Section        0  stm32f10x_tim.o(i.TIM_SetIC4Prescaler)
    i.TIM_TimeBaseInit                       0x08004fb8   Section        0  stm32f10x_tim.o(i.TIM_TimeBaseInit)
    i.Time_Out_IRQ                           0x0800505c   Section        0  cmd.o(i.Time_Out_IRQ)
    i.USART1_GetCmd_MODE1                    0x0800509c   Section        0  usart.o(i.USART1_GetCmd_MODE1)
    i.USART1_GetCmd_MODE2_1                  0x0800519c   Section        0  usart.o(i.USART1_GetCmd_MODE2_1)
    i.USART1_IRQHandler                      0x08005280   Section        0  usart.o(i.USART1_IRQHandler)
    i.USART1_Init                            0x080052e0   Section        0  usart.o(i.USART1_Init)
    i.USART1_tx_bytes                        0x0800539c   Section        0  usart.o(i.USART1_tx_bytes)
    i.USART3_IRQHandler                      0x080053d4   Section        0  uart_485.o(i.USART3_IRQHandler)
    i.USART3_Init                            0x08005414   Section        0  uart_485.o(i.USART3_Init)
    i.USART_ClearFlag                        0x080054f0   Section        0  stm32f10x_usart.o(i.USART_ClearFlag)
    i.USART_Cmd                              0x08005502   Section        0  stm32f10x_usart.o(i.USART_Cmd)
    i.USART_DeInit                           0x0800551c   Section        0  stm32f10x_usart.o(i.USART_DeInit)
    i.USART_GetFlagStatus                    0x080055b8   Section        0  stm32f10x_usart.o(i.USART_GetFlagStatus)
    i.USART_GetITStatus                      0x080055d2   Section        0  stm32f10x_usart.o(i.USART_GetITStatus)
    i.USART_ITConfig                         0x08005626   Section        0  stm32f10x_usart.o(i.USART_ITConfig)
    i.USART_Init                             0x08005670   Section        0  stm32f10x_usart.o(i.USART_Init)
    i.USART_ReceiveData                      0x08005748   Section        0  stm32f10x_usart.o(i.USART_ReceiveData)
    i.USART_SendData                         0x08005752   Section        0  stm32f10x_usart.o(i.USART_SendData)
    i.UsageFault_Handler                     0x0800575a   Section        0  stm32f10x_it.o(i.UsageFault_Handler)
    i._sys_exit                              0x0800575e   Section        0  usart.o(i._sys_exit)
    i.cmd_0x01                               0x08005764   Section        0  cmd1.o(i.cmd_0x01)
    i.cmd_0x02                               0x08005914   Section        0  cmd1.o(i.cmd_0x02)
    i.cmd_0x03                               0x080059e4   Section        0  cmd1.o(i.cmd_0x03)
    i.cmd_0x04                               0x08005a70   Section        0  cmd1.o(i.cmd_0x04)
    i.cmd_0x05                               0x08005b54   Section        0  cmd1.o(i.cmd_0x05)
    i.cmd_0x06                               0x08005cc0   Section        0  cmd1.o(i.cmd_0x06)
    i.cmd_0x07                               0x08005d84   Section        0  cmd1.o(i.cmd_0x07)
    i.cmd_0x08                               0x08005dc8   Section        0  cmd1.o(i.cmd_0x08)
    i.cmd_0x09                               0x08005e8c   Section        0  cmd1.o(i.cmd_0x09)
    i.control_init                           0x08005ed4   Section        0  control.o(i.control_init)
    i.control_run                            0x08005f58   Section        0  control.o(i.control_run)
    i.delay_init                             0x08005ff8   Section        0  delay.o(i.delay_init)
    i.delay_ms                               0x0800603c   Section        0  delay.o(i.delay_ms)
    i.main                                   0x08006088   Section        0  main.o(i.main)
    i.run_output                             0x0800611c   Section        0  cmd.o(i.run_output)
    i.water_err                              0x080061f0   Section        0  uart_485.o(i.water_err)
    i.yiti_power                             0x080062d8   Section        0  uart_485.o(i.yiti_power)
    i.yiti_set                               0x08006398   Section        0  uart_485.o(i.yiti_set)
    .constdata                               0x08006420   Section       80  cmd.o(.constdata)
    .constdata                               0x08006470   Section      512  crc8_16.o(.constdata)
    .data                                    0x20000400   Section       20  system_stm32f10x.o(.data)
    .data                                    0x20000414   Section       20  stm32f10x_rcc.o(.data)
    APBAHBPrescTable                         0x20000414   Data          16  stm32f10x_rcc.o(.data)
    ADCPrescTable                            0x20000424   Data           4  stm32f10x_rcc.o(.data)
    .data                                    0x20000428   Section        4  delay.o(.data)
    fac_us                                   0x20000428   Data           1  delay.o(.data)
    fac_ms                                   0x2000042a   Data           2  delay.o(.data)
    .data                                    0x2000042c   Section       30  usart.o(.data)
    RX_START                                 0x20000430   Data           2  usart.o(.data)
    RET_START                                0x20000432   Data           2  usart.o(.data)
    MODE2_IF_RECV                            0x20000434   Data           1  usart.o(.data)
    RET_NUM                                  0x20000438   Data           2  usart.o(.data)
    USART1_IDE                               0x2000043a   Data           1  usart.o(.data)
    old                                      0x20000444   Data           1  usart.o(.data)
    now                                      0x20000445   Data           1  usart.o(.data)
    type                                     0x20000446   Data           1  usart.o(.data)
    want_length                              0x20000448   Data           2  usart.o(.data)
    .data                                    0x2000044a   Section       20  config.o(.data)
    .data                                    0x20000460   Section       10  receive.o(.data)
    RECEIVE_ENABLE                           0x20000464   Data           1  receive.o(.data)
    .data                                    0x2000046c   Section       14  remote.o(.data)
    TIME_BUZZ                                0x2000046c   Data           1  remote.o(.data)
    TIME_US                                  0x2000046e   Data           2  remote.o(.data)
    RETOME_TIMES                             0x20000470   Data           2  remote.o(.data)
    Remote_IRQHandler                        0x20000474   Data           4  remote.o(.data)
    is_hight                                 0x20000478   Data           1  remote.o(.data)
    is_hight                                 0x20000479   Data           1  remote.o(.data)
    .data                                    0x2000047c   Section        8  uart_485.o(.data)
    .data                                    0x20000484   Section       18  cmd.o(.data)
    CS_BUSY_TIME                             0x20000488   Data           2  cmd.o(.data)
    CS_LAST_CMD                              0x2000048a   Data           1  cmd.o(.data)
    KEYS                                     0x20000490   Data           1  cmd.o(.data)
    i                                        0x20000491   Data           1  cmd.o(.data)
    key_time                                 0x20000492   Data           1  cmd.o(.data)
    key_valid                                0x20000493   Data           1  cmd.o(.data)
    ms10                                     0x20000494   Data           2  cmd.o(.data)
    .data                                    0x20000498   Section        5  cmd1.o(.data)
    i                                        0x2000049c   Data           1  cmd1.o(.data)
    .bss                                     0x200004a0   Section      100  usart.o(.bss)
    .bss                                     0x20000504   Section     1024  receive.o(.bss)
    .bss                                     0x20000904   Section        9  remote.o(.bss)
    BUFF_DATA                                0x20000904   Data           9  remote.o(.bss)
    .bss                                     0x2000090e   Section     1024  stmflash.o(.bss)
    .bss                                     0x20000d0e   Section      100  uart_485.o(.bss)
    .bss                                     0x20000d74   Section       96  libspace.o(.bss)
    HEAP                                     0x20000dd8   Section      512  startup_stm32f10x_md.o(HEAP)
    Heap_Mem                                 0x20000dd8   Data         512  startup_stm32f10x_md.o(HEAP)
    STACK                                    0x20000fd8   Section     1024  startup_stm32f10x_md.o(STACK)
    Stack_Mem                                0x20000fd8   Data        1024  startup_stm32f10x_md.o(STACK)
    __initial_sp                             0x200013d8   Data           0  startup_stm32f10x_md.o(STACK)

    Global Symbols

    Symbol Name                              Value     Ov Type        Size  Object(Section)

    BuildAttributes$$THM_ISAv4$P$D$K$B$S$PE$A:L22UL41UL21$X:L11$S22US41US21$IEEE1$IW$USESV6$~STKCKD$USESV7$~SHL$OSPACE$ROPI$EBA8$UX$STANDARDLIB$REQ8$PRES8$EABIv2 0x00000000   Number         0  anon$$obj.o ABSOLUTE
    __ARM_use_no_argv                        0x00000000   Number         0  main.o ABSOLUTE
    __ARM_exceptions_init                     - Undefined Weak Reference
    __alloca_initialize                       - Undefined Weak Reference
    __arm_preinit_                            - Undefined Weak Reference
    __cpp_initialize__aeabi_                  - Undefined Weak Reference
    __cxa_finalize                            - Undefined Weak Reference
    __rt_locale                               - Undefined Weak Reference
    __sigvec_lookup                           - Undefined Weak Reference
    _atexit_init                              - Undefined Weak Reference
    _call_atexit_fns                          - Undefined Weak Reference
    _clock_init                               - Undefined Weak Reference
    _fp_trap_init                             - Undefined Weak Reference
    _fp_trap_shutdown                         - Undefined Weak Reference
    _get_lc_collate                           - Undefined Weak Reference
    _get_lc_ctype                             - Undefined Weak Reference
    _get_lc_monetary                          - Undefined Weak Reference
    _get_lc_numeric                           - Undefined Weak Reference
    _get_lc_time                              - Undefined Weak Reference
    _getenv_init                              - Undefined Weak Reference
    _handle_redirection                       - Undefined Weak Reference
    _init_alloc                               - Undefined Weak Reference
    _init_user_alloc                          - Undefined Weak Reference
    _initio                                   - Undefined Weak Reference
    _rand_init                                - Undefined Weak Reference
    _signal_finish                            - Undefined Weak Reference
    _signal_init                              - Undefined Weak Reference
    _terminate_alloc                          - Undefined Weak Reference
    _terminate_user_alloc                     - Undefined Weak Reference
    _terminateio                              - Undefined Weak Reference
    __Vectors_Size                           0x000000ec   Number         0  startup_stm32f10x_md.o ABSOLUTE
    __Vectors                                0x08002800   Data           4  startup_stm32f10x_md.o(RESET)
    __Vectors_End                            0x080028ec   Data           0  startup_stm32f10x_md.o(RESET)
    __main                                   0x080028ed   Thumb Code     8  __main.o(!!!main)
    __scatterload                            0x080028f5   Thumb Code     0  __scatter.o(!!!scatter)
    __scatterload_rt2                        0x080028f5   Thumb Code    44  __scatter.o(!!!scatter)
    __scatterload_rt2_thumb_only             0x080028f5   Thumb Code     0  __scatter.o(!!!scatter)
    __scatterload_null                       0x08002903   Thumb Code     0  __scatter.o(!!!scatter)
    __scatterload_copy                       0x08002929   Thumb Code    26  __scatter_copy.o(!!handler_copy)
    __scatterload_zeroinit                   0x08002945   Thumb Code    28  __scatter_zi.o(!!handler_zi)
    __rt_lib_init                            0x08002961   Thumb Code     0  libinit.o(.ARM.Collect$$libinit$$00000000)
    __rt_lib_init_alloca_1                   0x08002963   Thumb Code     0  libinit2.o(.ARM.Collect$$libinit$$0000002E)
    __rt_lib_init_argv_1                     0x08002963   Thumb Code     0  libinit2.o(.ARM.Collect$$libinit$$0000002C)
    __rt_lib_init_atexit_1                   0x08002963   Thumb Code     0  libinit2.o(.ARM.Collect$$libinit$$0000001B)
    __rt_lib_init_clock_1                    0x08002963   Thumb Code     0  libinit2.o(.ARM.Collect$$libinit$$00000021)
    __rt_lib_init_cpp_1                      0x08002963   Thumb Code     0  libinit2.o(.ARM.Collect$$libinit$$00000032)
    __rt_lib_init_exceptions_1               0x08002963   Thumb Code     0  libinit2.o(.ARM.Collect$$libinit$$00000030)
    __rt_lib_init_fp_1                       0x08002963   Thumb Code     0  libinit2.o(.ARM.Collect$$libinit$$00000002)
    __rt_lib_init_fp_trap_1                  0x08002963   Thumb Code     0  libinit2.o(.ARM.Collect$$libinit$$0000001F)
    __rt_lib_init_getenv_1                   0x08002963   Thumb Code     0  libinit2.o(.ARM.Collect$$libinit$$00000023)
    __rt_lib_init_heap_1                     0x08002963   Thumb Code     0  libinit2.o(.ARM.Collect$$libinit$$0000000A)
    __rt_lib_init_lc_collate_1               0x08002963   Thumb Code     0  libinit2.o(.ARM.Collect$$libinit$$00000011)
    __rt_lib_init_lc_ctype_1                 0x08002963   Thumb Code     0  libinit2.o(.ARM.Collect$$libinit$$00000013)
    __rt_lib_init_lc_monetary_1              0x08002963   Thumb Code     0  libinit2.o(.ARM.Collect$$libinit$$00000015)
    __rt_lib_init_lc_numeric_1               0x08002963   Thumb Code     0  libinit2.o(.ARM.Collect$$libinit$$00000017)
    __rt_lib_init_lc_time_1                  0x08002963   Thumb Code     0  libinit2.o(.ARM.Collect$$libinit$$00000019)
    __rt_lib_init_preinit_1                  0x08002963   Thumb Code     0  libinit2.o(.ARM.Collect$$libinit$$00000004)
    __rt_lib_init_rand_1                     0x08002963   Thumb Code     0  libinit2.o(.ARM.Collect$$libinit$$0000000E)
    __rt_lib_init_return                     0x08002963   Thumb Code     0  libinit2.o(.ARM.Collect$$libinit$$00000033)
    __rt_lib_init_signal_1                   0x08002963   Thumb Code     0  libinit2.o(.ARM.Collect$$libinit$$0000001D)
    __rt_lib_init_stdio_1                    0x08002963   Thumb Code     0  libinit2.o(.ARM.Collect$$libinit$$00000025)
    __rt_lib_init_user_alloc_1               0x08002963   Thumb Code     0  libinit2.o(.ARM.Collect$$libinit$$0000000C)
    __rt_lib_shutdown                        0x08002965   Thumb Code     0  libshutdown.o(.ARM.Collect$$libshutdown$$00000000)
    __rt_lib_shutdown_fp_trap_1              0x08002967   Thumb Code     0  libshutdown2.o(.ARM.Collect$$libshutdown$$00000006)
    __rt_lib_shutdown_heap_1                 0x08002967   Thumb Code     0  libshutdown2.o(.ARM.Collect$$libshutdown$$0000000E)
    __rt_lib_shutdown_return                 0x08002967   Thumb Code     0  libshutdown2.o(.ARM.Collect$$libshutdown$$0000000F)
    __rt_lib_shutdown_signal_1               0x08002967   Thumb Code     0  libshutdown2.o(.ARM.Collect$$libshutdown$$00000009)
    __rt_lib_shutdown_stdio_1                0x08002967   Thumb Code     0  libshutdown2.o(.ARM.Collect$$libshutdown$$00000003)
    __rt_lib_shutdown_user_alloc_1           0x08002967   Thumb Code     0  libshutdown2.o(.ARM.Collect$$libshutdown$$0000000B)
    __rt_entry                               0x08002969   Thumb Code     0  __rtentry.o(.ARM.Collect$$rtentry$$00000000)
    __rt_entry_presh_1                       0x08002969   Thumb Code     0  __rtentry2.o(.ARM.Collect$$rtentry$$00000002)
    __rt_entry_sh                            0x08002969   Thumb Code     0  __rtentry4.o(.ARM.Collect$$rtentry$$00000004)
    __rt_entry_li                            0x0800296f   Thumb Code     0  __rtentry2.o(.ARM.Collect$$rtentry$$0000000A)
    __rt_entry_postsh_1                      0x0800296f   Thumb Code     0  __rtentry2.o(.ARM.Collect$$rtentry$$00000009)
    __rt_entry_main                          0x08002973   Thumb Code     0  __rtentry2.o(.ARM.Collect$$rtentry$$0000000D)
    __rt_entry_postli_1                      0x08002973   Thumb Code     0  __rtentry2.o(.ARM.Collect$$rtentry$$0000000C)
    __rt_exit                                0x0800297b   Thumb Code     0  rtexit.o(.ARM.Collect$$rtexit$$00000000)
    __rt_exit_ls                             0x0800297d   Thumb Code     0  rtexit2.o(.ARM.Collect$$rtexit$$00000003)
    __rt_exit_prels_1                        0x0800297d   Thumb Code     0  rtexit2.o(.ARM.Collect$$rtexit$$00000002)
    __rt_exit_exit                           0x08002981   Thumb Code     0  rtexit2.o(.ARM.Collect$$rtexit$$00000004)
    Reset_Handler                            0x08002989   Thumb Code     8  startup_stm32f10x_md.o(.text)
    ADC1_2_IRQHandler                        0x080029a3   Thumb Code     0  startup_stm32f10x_md.o(.text)
    CAN1_RX1_IRQHandler                      0x080029a3   Thumb Code     0  startup_stm32f10x_md.o(.text)
    CAN1_SCE_IRQHandler                      0x080029a3   Thumb Code     0  startup_stm32f10x_md.o(.text)
    DMA1_Channel1_IRQHandler                 0x080029a3   Thumb Code     0  startup_stm32f10x_md.o(.text)
    DMA1_Channel2_IRQHandler                 0x080029a3   Thumb Code     0  startup_stm32f10x_md.o(.text)
    DMA1_Channel3_IRQHandler                 0x080029a3   Thumb Code     0  startup_stm32f10x_md.o(.text)
    DMA1_Channel4_IRQHandler                 0x080029a3   Thumb Code     0  startup_stm32f10x_md.o(.text)
    DMA1_Channel5_IRQHandler                 0x080029a3   Thumb Code     0  startup_stm32f10x_md.o(.text)
    DMA1_Channel6_IRQHandler                 0x080029a3   Thumb Code     0  startup_stm32f10x_md.o(.text)
    DMA1_Channel7_IRQHandler                 0x080029a3   Thumb Code     0  startup_stm32f10x_md.o(.text)
    EXTI0_IRQHandler                         0x080029a3   Thumb Code     0  startup_stm32f10x_md.o(.text)
    EXTI15_10_IRQHandler                     0x080029a3   Thumb Code     0  startup_stm32f10x_md.o(.text)
    EXTI1_IRQHandler                         0x080029a3   Thumb Code     0  startup_stm32f10x_md.o(.text)
    EXTI2_IRQHandler                         0x080029a3   Thumb Code     0  startup_stm32f10x_md.o(.text)
    EXTI3_IRQHandler                         0x080029a3   Thumb Code     0  startup_stm32f10x_md.o(.text)
    EXTI4_IRQHandler                         0x080029a3   Thumb Code     0  startup_stm32f10x_md.o(.text)
    EXTI9_5_IRQHandler                       0x080029a3   Thumb Code     0  startup_stm32f10x_md.o(.text)
    FLASH_IRQHandler                         0x080029a3   Thumb Code     0  startup_stm32f10x_md.o(.text)
    I2C1_ER_IRQHandler                       0x080029a3   Thumb Code     0  startup_stm32f10x_md.o(.text)
    I2C1_EV_IRQHandler                       0x080029a3   Thumb Code     0  startup_stm32f10x_md.o(.text)
    I2C2_ER_IRQHandler                       0x080029a3   Thumb Code     0  startup_stm32f10x_md.o(.text)
    I2C2_EV_IRQHandler                       0x080029a3   Thumb Code     0  startup_stm32f10x_md.o(.text)
    PVD_IRQHandler                           0x080029a3   Thumb Code     0  startup_stm32f10x_md.o(.text)
    RCC_IRQHandler                           0x080029a3   Thumb Code     0  startup_stm32f10x_md.o(.text)
    RTCAlarm_IRQHandler                      0x080029a3   Thumb Code     0  startup_stm32f10x_md.o(.text)
    RTC_IRQHandler                           0x080029a3   Thumb Code     0  startup_stm32f10x_md.o(.text)
    SPI1_IRQHandler                          0x080029a3   Thumb Code     0  startup_stm32f10x_md.o(.text)
    SPI2_IRQHandler                          0x080029a3   Thumb Code     0  startup_stm32f10x_md.o(.text)
    TAMPER_IRQHandler                        0x080029a3   Thumb Code     0  startup_stm32f10x_md.o(.text)
    TIM1_BRK_IRQHandler                      0x080029a3   Thumb Code     0  startup_stm32f10x_md.o(.text)
    TIM1_CC_IRQHandler                       0x080029a3   Thumb Code     0  startup_stm32f10x_md.o(.text)
    TIM1_TRG_COM_IRQHandler                  0x080029a3   Thumb Code     0  startup_stm32f10x_md.o(.text)
    TIM3_IRQHandler                          0x080029a3   Thumb Code     0  startup_stm32f10x_md.o(.text)
    USART2_IRQHandler                        0x080029a3   Thumb Code     0  startup_stm32f10x_md.o(.text)
    USBWakeUp_IRQHandler                     0x080029a3   Thumb Code     0  startup_stm32f10x_md.o(.text)
    USB_HP_CAN1_TX_IRQHandler                0x080029a3   Thumb Code     0  startup_stm32f10x_md.o(.text)
    USB_LP_CAN1_RX0_IRQHandler               0x080029a3   Thumb Code     0  startup_stm32f10x_md.o(.text)
    WWDG_IRQHandler                          0x080029a3   Thumb Code     0  startup_stm32f10x_md.o(.text)
    __user_initial_stackheap                 0x080029a5   Thumb Code     0  startup_stm32f10x_md.o(.text)
    __use_no_semihosting                     0x080029c9   Thumb Code     2  use_no_semi_2.o(.text)
    __aeabi_memcpy                           0x080029cb   Thumb Code     0  rt_memcpy_v6.o(.text)
    __rt_memcpy                              0x080029cb   Thumb Code   138  rt_memcpy_v6.o(.text)
    _memcpy_lastbytes                        0x08002a31   Thumb Code     0  rt_memcpy_v6.o(.text)
    __aeabi_memclr4                          0x08002a55   Thumb Code     0  rt_memclr_w.o(.text)
    __aeabi_memclr8                          0x08002a55   Thumb Code     0  rt_memclr_w.o(.text)
    __rt_memclr_w                            0x08002a55   Thumb Code    78  rt_memclr_w.o(.text)
    _memset_w                                0x08002a59   Thumb Code     0  rt_memclr_w.o(.text)
    __use_two_region_memory                  0x08002aa3   Thumb Code     2  heapauxi.o(.text)
    __rt_heap_escrow$2region                 0x08002aa5   Thumb Code     2  heapauxi.o(.text)
    __rt_heap_expand$2region                 0x08002aa7   Thumb Code     2  heapauxi.o(.text)
    __I$use$semihosting                      0x08002aa9   Thumb Code     0  use_no_semi.o(.text)
    __use_no_semihosting_swi                 0x08002aa9   Thumb Code     2  use_no_semi.o(.text)
    __aeabi_memcpy4                          0x08002aab   Thumb Code     0  rt_memcpy_w.o(.text)
    __aeabi_memcpy8                          0x08002aab   Thumb Code     0  rt_memcpy_w.o(.text)
    __rt_memcpy_w                            0x08002aab   Thumb Code   100  rt_memcpy_w.o(.text)
    _memcpy_lastbytes_aligned                0x08002af3   Thumb Code     0  rt_memcpy_w.o(.text)
    __user_setup_stackheap                   0x08002b0f   Thumb Code    74  sys_stackheap_outer.o(.text)
    exit                                     0x08002b59   Thumb Code    12  exit.o(.text)
    __user_libspace                          0x08002b65   Thumb Code     8  libspace.o(.text)
    __user_perproc_libspace                  0x08002b65   Thumb Code     0  libspace.o(.text)
    __user_perthread_libspace                0x08002b65   Thumb Code     0  libspace.o(.text)
    AS32_Param_Init                          0x08002b6d   Thumb Code   134  drv_as62.o(i.AS32_Param_Init)
    AS32_TX_none                             0x08002c05   Thumb Code    56  drv_as62.o(i.AS32_TX_none)
    BusFault_Handler                         0x08002c41   Thumb Code     4  stm32f10x_it.o(i.BusFault_Handler)
    Cfg_Model                                0x08002c45   Thumb Code   300  cmd.o(i.Cfg_Model)
    Clear_Cupture                            0x08002d7d   Thumb Code    32  receive.o(i.Clear_Cupture)
    Cmd_cs_off                               0x08002da5   Thumb Code    66  cmd.o(i.Cmd_cs_off)
    Cmd_cs_on                                0x08002ded   Thumb Code    66  cmd.o(i.Cmd_cs_on)
    Cmd_jh_off                               0x08002e35   Thumb Code    82  cmd.o(i.Cmd_jh_off)
    Cmd_jh_on                                0x08002e8d   Thumb Code    82  cmd.o(i.Cmd_jh_on)
    Cmd_kt_down                              0x08002ee5   Thumb Code   138  cmd.o(i.Cmd_kt_down)
    Cmd_kt_off                               0x08002f7d   Thumb Code   140  cmd.o(i.Cmd_kt_off)
    Cmd_kt_on                                0x08003015   Thumb Code   132  cmd.o(i.Cmd_kt_on)
    Cmd_kt_up                                0x080030a5   Thumb Code   136  cmd.o(i.Cmd_kt_up)
    Config_Init                              0x08003139   Thumb Code   266  config.o(i.Config_Init)
    DebugMon_Handler                         0x08003271   Thumb Code     2  stm32f10x_it.o(i.DebugMon_Handler)
    DeviceLEDType                            0x08003273   Thumb Code   118  main.o(i.DeviceLEDType)
    FLASH_ErasePage                          0x080032e9   Thumb Code    72  stm32f10x_flash.o(i.FLASH_ErasePage)
    FLASH_GetBank1Status                     0x08003335   Thumb Code    48  stm32f10x_flash.o(i.FLASH_GetBank1Status)
    FLASH_Lock                               0x08003369   Thumb Code    14  stm32f10x_flash.o(i.FLASH_Lock)
    FLASH_ProgramHalfWord                    0x0800337d   Thumb Code    60  stm32f10x_flash.o(i.FLASH_ProgramHalfWord)
    FLASH_Unlock                             0x080033bd   Thumb Code    12  stm32f10x_flash.o(i.FLASH_Unlock)
    FLASH_WaitForLastOperation               0x080033d5   Thumb Code    38  stm32f10x_flash.o(i.FLASH_WaitForLastOperation)
    GPIO_Init                                0x080033fb   Thumb Code   278  stm32f10x_gpio.o(i.GPIO_Init)
    GPIO_PinRemapConfig                      0x08003511   Thumb Code   138  stm32f10x_gpio.o(i.GPIO_PinRemapConfig)
    GPIO_ResetBits                           0x080035a1   Thumb Code     4  stm32f10x_gpio.o(i.GPIO_ResetBits)
    GPIO_SetBits                             0x080035a5   Thumb Code     4  stm32f10x_gpio.o(i.GPIO_SetBits)
    Get_Crc16                                0x08003609   Thumb Code    46  crc8_16.o(i.Get_Crc16)
    Get_Key                                  0x08003641   Thumb Code    14  cmd.o(i.Get_Key)
    Get_cmd_NEW_MODE                         0x08003655   Thumb Code   218  cmd1.o(i.Get_cmd_NEW_MODE)
    HardFault_Handler                        0x08003735   Thumb Code     4  stm32f10x_it.o(i.HardFault_Handler)
    IWDG_Enable                              0x08003739   Thumb Code    10  stm32f10x_iwdg.o(i.IWDG_Enable)
    IWDG_Feed                                0x08003749   Thumb Code     8  wdg.o(i.IWDG_Feed)
    IWDG_Init                                0x08003751   Thumb Code    36  wdg.o(i.IWDG_Init)
    IWDG_ReloadCounter                       0x08003775   Thumb Code    10  stm32f10x_iwdg.o(i.IWDG_ReloadCounter)
    IWDG_SetPrescaler                        0x08003785   Thumb Code     6  stm32f10x_iwdg.o(i.IWDG_SetPrescaler)
    IWDG_SetReload                           0x08003791   Thumb Code     6  stm32f10x_iwdg.o(i.IWDG_SetReload)
    IWDG_WriteAccessCmd                      0x0800379d   Thumb Code     6  stm32f10x_iwdg.o(i.IWDG_WriteAccessCmd)
    KEY_IRQHandler                           0x080037a9   Thumb Code    78  cmd.o(i.KEY_IRQHandler)
    Load_Config                              0x08003809   Thumb Code    50  stmflash.o(i.Load_Config)
    Load_Key_Down                            0x08003841   Thumb Code    16  stmflash.o(i.Load_Key_Down)
    Load_Key_Off                             0x08003859   Thumb Code    16  stmflash.o(i.Load_Key_Off)
    Load_Key_On                              0x08003871   Thumb Code    16  stmflash.o(i.Load_Key_On)
    Load_Key_Up                              0x08003889   Thumb Code    16  stmflash.o(i.Load_Key_Up)
    MemManage_Handler                        0x080038a1   Thumb Code     4  stm32f10x_it.o(i.MemManage_Handler)
    MyDevice_On                              0x080038a5   Thumb Code   226  cmd1.o(i.MyDevice_On)
    NMI_Handler                              0x08003987   Thumb Code     2  stm32f10x_it.o(i.NMI_Handler)
    NVIC_Configuration                       0x08003989   Thumb Code    12  sys.o(i.NVIC_Configuration)
    NVIC_Init                                0x08003995   Thumb Code   100  misc.o(i.NVIC_Init)
    NVIC_PriorityGroupConfig                 0x08003a05   Thumb Code    10  misc.o(i.NVIC_PriorityGroupConfig)
    NVIC_SetVectorTable                      0x08003a19   Thumb Code    12  misc.o(i.NVIC_SetVectorTable)
    PendSV_Handler                           0x08003a2d   Thumb Code     2  stm32f10x_it.o(i.PendSV_Handler)
    RCC_APB1PeriphClockCmd                   0x08003a31   Thumb Code    26  stm32f10x_rcc.o(i.RCC_APB1PeriphClockCmd)
    RCC_APB1PeriphResetCmd                   0x08003a51   Thumb Code    26  stm32f10x_rcc.o(i.RCC_APB1PeriphResetCmd)
    RCC_APB2PeriphClockCmd                   0x08003a71   Thumb Code    26  stm32f10x_rcc.o(i.RCC_APB2PeriphClockCmd)
    RCC_APB2PeriphResetCmd                   0x08003a91   Thumb Code    26  stm32f10x_rcc.o(i.RCC_APB2PeriphResetCmd)
    RCC_GetClocksFreq                        0x08003ab1   Thumb Code   192  stm32f10x_rcc.o(i.RCC_GetClocksFreq)
    RECV_MODE1_IRQ                           0x08003b85   Thumb Code    70  usart.o(i.RECV_MODE1_IRQ)
    RS485_Receive_Data                       0x08003bdd   Thumb Code    72  uart_485.o(i.RS485_Receive_Data)
    RS485_Send_Data                          0x08003c2d   Thumb Code    72  uart_485.o(i.RS485_Send_Data)
    ReceiveEnd_IRQHandler                    0x08003c81   Thumb Code    28  receive.o(i.ReceiveEnd_IRQHandler)
    Receive_Cmd                              0x08003ca9   Thumb Code    34  receive.o(i.Receive_Cmd)
    Receive_GetState                         0x08003cd1   Thumb Code    28  receive.o(i.Receive_GetState)
    Receive_SaveKey                          0x08003cf5   Thumb Code    64  receive.o(i.Receive_SaveKey)
    Receive_USER                             0x08003d39   Thumb Code    90  receive.o(i.Receive_USER)
    Receive_init                             0x08003da5   Thumb Code   188  receive.o(i.Receive_init)
    Remote_End                               0x08003e6d   Thumb Code    32  remote.o(i.Remote_End)
    Remote_GREE                              0x08003e99   Thumb Code   542  remote.o(i.Remote_GREE)
    Remote_GetState                          0x080040d1   Thumb Code     6  remote.o(i.Remote_GetState)
    Remote_MIDEA                             0x080040dd   Thumb Code   520  remote.o(i.Remote_MIDEA)
    Remote_Start                             0x080042fd   Thumb Code    30  remote.o(i.Remote_Start)
    Remote_USER                              0x08004325   Thumb Code   152  remote.o(i.Remote_USER)
    Remote_init                              0x080043d1   Thumb Code   246  remote.o(i.Remote_init)
    Remote_send                              0x080044e1   Thumb Code    94  remote.o(i.Remote_send)
    Remote_send_USER                         0x08004561   Thumb Code   200  remote.o(i.Remote_send_USER)
    Return_NEW                               0x08004645   Thumb Code   110  cmd1.o(i.Return_NEW)
    Run_Time_IRQ                             0x080046b5   Thumb Code    46  cmd1.o(i.Run_Time_IRQ)
    STMFLASH_Read                            0x080046ed   Thumb Code    34  stmflash.o(i.STMFLASH_Read)
    STMFLASH_ReadHalfWord                    0x0800470f   Thumb Code     6  stmflash.o(i.STMFLASH_ReadHalfWord)
    STMFLASH_Write                           0x08004715   Thumb Code   222  stmflash.o(i.STMFLASH_Write)
    STMFLASH_Write_NoCheck                   0x080047fd   Thumb Code    38  stmflash.o(i.STMFLASH_Write_NoCheck)
    SVC_Handler                              0x08004823   Thumb Code     2  stm32f10x_it.o(i.SVC_Handler)
    Save_Config                              0x08004825   Thumb Code    16  stmflash.o(i.Save_Config)
    Save_Key_Down                            0x08004839   Thumb Code    16  stmflash.o(i.Save_Key_Down)
    Save_Key_Off                             0x08004851   Thumb Code    16  stmflash.o(i.Save_Key_Off)
    Save_Key_On                              0x08004869   Thumb Code    16  stmflash.o(i.Save_Key_On)
    Save_Key_Up                              0x08004881   Thumb Code    16  stmflash.o(i.Save_Key_Up)
    SysTick_CLKSourceConfig                  0x080049cd   Thumb Code    40  misc.o(i.SysTick_CLKSourceConfig)
    SysTick_Handler                          0x080049f5   Thumb Code     2  stm32f10x_it.o(i.SysTick_Handler)
    SystemInit                               0x080049f9   Thumb Code    78  system_stm32f10x.o(i.SystemInit)
    System_Init                              0x08004a59   Thumb Code    66  system_init.o(i.System_Init)
    TIM1_UP_IRQHandler                       0x08004cdd   Thumb Code    18  remote.o(i.TIM1_UP_IRQHandler)
    TIM2_IRQHandler                          0x08004cf9   Thumb Code    50  receive.o(i.TIM2_IRQHandler)
    TIM4_IRQHandler                          0x08004d31   Thumb Code    34  cmd.o(i.TIM4_IRQHandler)
    TIM4_TIMEout_init                        0x08004d59   Thumb Code    94  cmd.o(i.TIM4_TIMEout_init)
    TIM_ClearITPendingBit                    0x08004dbd   Thumb Code     6  stm32f10x_tim.o(i.TIM_ClearITPendingBit)
    TIM_Cmd                                  0x08004dc3   Thumb Code    24  stm32f10x_tim.o(i.TIM_Cmd)
    TIM_GetCapture2                          0x08004ddb   Thumb Code     6  stm32f10x_tim.o(i.TIM_GetCapture2)
    TIM_GetITStatus                          0x08004de1   Thumb Code    34  stm32f10x_tim.o(i.TIM_GetITStatus)
    TIM_ICInit                               0x08004e05   Thumb Code   150  stm32f10x_tim.o(i.TIM_ICInit)
    TIM_ITConfig                             0x08004eb1   Thumb Code    18  stm32f10x_tim.o(i.TIM_ITConfig)
    TIM_OC4Init                              0x08004ec5   Thumb Code   114  stm32f10x_tim.o(i.TIM_OC4Init)
    TIM_OC4PreloadConfig                     0x08004f41   Thumb Code    26  stm32f10x_tim.o(i.TIM_OC4PreloadConfig)
    TIM_SetCounter                           0x08004f5b   Thumb Code     4  stm32f10x_tim.o(i.TIM_SetCounter)
    TIM_SetIC1Prescaler                      0x08004f5f   Thumb Code    18  stm32f10x_tim.o(i.TIM_SetIC1Prescaler)
    TIM_SetIC2Prescaler                      0x08004f71   Thumb Code    26  stm32f10x_tim.o(i.TIM_SetIC2Prescaler)
    TIM_SetIC3Prescaler                      0x08004f8b   Thumb Code    18  stm32f10x_tim.o(i.TIM_SetIC3Prescaler)
    TIM_SetIC4Prescaler                      0x08004f9d   Thumb Code    26  stm32f10x_tim.o(i.TIM_SetIC4Prescaler)
    TIM_TimeBaseInit                         0x08004fb9   Thumb Code   122  stm32f10x_tim.o(i.TIM_TimeBaseInit)
    Time_Out_IRQ                             0x0800505d   Thumb Code    56  cmd.o(i.Time_Out_IRQ)
    USART1_GetCmd_MODE1                      0x0800509d   Thumb Code   234  usart.o(i.USART1_GetCmd_MODE1)
    USART1_GetCmd_MODE2_1                    0x0800519d   Thumb Code   200  usart.o(i.USART1_GetCmd_MODE2_1)
    USART1_IRQHandler                        0x08005281   Thumb Code    82  usart.o(i.USART1_IRQHandler)
    USART1_Init                              0x080052e1   Thumb Code   178  usart.o(i.USART1_Init)
    USART1_tx_bytes                          0x0800539d   Thumb Code    52  usart.o(i.USART1_tx_bytes)
    USART3_IRQHandler                        0x080053d5   Thumb Code    50  uart_485.o(i.USART3_IRQHandler)
    USART3_Init                              0x08005415   Thumb Code   206  uart_485.o(i.USART3_Init)
    USART_ClearFlag                          0x080054f1   Thumb Code    18  stm32f10x_usart.o(i.USART_ClearFlag)
    USART_Cmd                                0x08005503   Thumb Code    24  stm32f10x_usart.o(i.USART_Cmd)
    USART_DeInit                             0x0800551d   Thumb Code   134  stm32f10x_usart.o(i.USART_DeInit)
    USART_GetFlagStatus                      0x080055b9   Thumb Code    26  stm32f10x_usart.o(i.USART_GetFlagStatus)
    USART_GetITStatus                        0x080055d3   Thumb Code    84  stm32f10x_usart.o(i.USART_GetITStatus)
    USART_ITConfig                           0x08005627   Thumb Code    74  stm32f10x_usart.o(i.USART_ITConfig)
    USART_Init                               0x08005671   Thumb Code   210  stm32f10x_usart.o(i.USART_Init)
    USART_ReceiveData                        0x08005749   Thumb Code    10  stm32f10x_usart.o(i.USART_ReceiveData)
    USART_SendData                           0x08005753   Thumb Code     8  stm32f10x_usart.o(i.USART_SendData)
    UsageFault_Handler                       0x0800575b   Thumb Code     4  stm32f10x_it.o(i.UsageFault_Handler)
    _sys_exit                                0x0800575f   Thumb Code     6  usart.o(i._sys_exit)
    cmd_0x01                                 0x08005765   Thumb Code   420  cmd1.o(i.cmd_0x01)
    cmd_0x02                                 0x08005915   Thumb Code   202  cmd1.o(i.cmd_0x02)
    cmd_0x03                                 0x080059e5   Thumb Code   140  cmd1.o(i.cmd_0x03)
    cmd_0x04                                 0x08005a71   Thumb Code   228  cmd1.o(i.cmd_0x04)
    cmd_0x05                                 0x08005b55   Thumb Code   364  cmd1.o(i.cmd_0x05)
    cmd_0x06                                 0x08005cc1   Thumb Code   190  cmd1.o(i.cmd_0x06)
    cmd_0x07                                 0x08005d85   Thumb Code    66  cmd1.o(i.cmd_0x07)
    cmd_0x08                                 0x08005dc9   Thumb Code   192  cmd1.o(i.cmd_0x08)
    cmd_0x09                                 0x08005e8d   Thumb Code    64  cmd1.o(i.cmd_0x09)
    control_init                             0x08005ed5   Thumb Code   120  control.o(i.control_init)
    control_run                              0x08005f59   Thumb Code   150  control.o(i.control_run)
    delay_init                               0x08005ff9   Thumb Code    50  delay.o(i.delay_init)
    delay_ms                                 0x0800603d   Thumb Code    72  delay.o(i.delay_ms)
    main                                     0x08006089   Thumb Code   122  main.o(i.main)
    run_output                               0x0800611d   Thumb Code   210  cmd.o(i.run_output)
    water_err                                0x080061f1   Thumb Code   228  uart_485.o(i.water_err)
    yiti_power                               0x080062d9   Thumb Code   186  uart_485.o(i.yiti_power)
    yiti_set                                 0x08006399   Thumb Code   136  uart_485.o(i.yiti_set)
    GREE_UP                                  0x08006420   Data          10  cmd.o(.constdata)
    GREE_DOWN                                0x0800642a   Data          10  cmd.o(.constdata)
    GREE_ON                                  0x08006434   Data          10  cmd.o(.constdata)
    GREE_OFF                                 0x0800643e   Data          10  cmd.o(.constdata)
    MIDEA_UP                                 0x08006448   Data          10  cmd.o(.constdata)
    MIDEA_DOWN                               0x08006452   Data          10  cmd.o(.constdata)
    MIDEA_ON                                 0x0800645c   Data          10  cmd.o(.constdata)
    MIDEA_OFF                                0x08006466   Data          10  cmd.o(.constdata)
    auchCRCHi                                0x08006470   Data         256  crc8_16.o(.constdata)
    auchCRCLo                                0x08006570   Data         256  crc8_16.o(.constdata)
    Region$$Table$$Base                      0x08006670   Number         0  anon$$obj.o(Region$$Table)
    Region$$Table$$Limit                     0x08006690   Number         0  anon$$obj.o(Region$$Table)
    SystemCoreClock                          0x20000400   Data           4  system_stm32f10x.o(.data)
    AHBPrescTable                            0x20000404   Data          16  system_stm32f10x.o(.data)
    __stdout                                 0x2000042c   Data           4  usart.o(.data)
    USART_RX_STA                             0x20000436   Data           2  usart.o(.data)
    USART1_GetCmd                            0x2000043c   Data           4  usart.o(.data)
    RECV_IRQHandler                          0x20000440   Data           4  usart.o(.data)
    type_name                                0x2000044a   Data          20  config.o(.data)
    Receive_IRQHandler                       0x20000460   Data           4  receive.o(.data)
    RCV_NUM                                  0x20000466   Data           2  receive.o(.data)
    ALL_RCV                                  0x20000468   Data           2  receive.o(.data)
    RS485_RX_CNT                             0x2000047c   Data           1  uart_485.o(.data)
    err_shui_num                             0x20000480   Data           4  uart_485.o(.data)
    MY_OFFTIME                               0x20000484   Data           2  cmd.o(.data)
    CS_CANTCMD                               0x20000486   Data           2  cmd.o(.data)
    Get_cmd                                  0x2000048c   Data           4  cmd.o(.data)
    RUN_TIME_S                               0x20000498   Data           4  cmd1.o(.data)
    USART_RX_BUF                             0x200004a0   Data         100  usart.o(.bss)
    cupture                                  0x20000504   Data        1024  receive.o(.bss)
    STMFLASH_BUF                             0x2000090e   Data        1024  stmflash.o(.bss)
    RS485_RX_BUF                             0x20000d0e   Data         100  uart_485.o(.bss)
    __libspace_start                         0x20000d74   Data          96  libspace.o(.bss)
    __temporary_stack_top$libspace           0x20000dd4   Data           0  libspace.o(.bss)



==============================================================================

Memory Map of the image

  Image Entry point : 0x080028ed

  Load Region LR_IROM1 (Base: 0x08002800, Size: 0x00003f30, Max: 0x0000d800, ABSOLUTE)

    Execution Region ER_IROM1 (Base: 0x08002800, Size: 0x00003e90, Max: 0x0000d800, ABSOLUTE)

    Base Addr    Size         Type   Attr      Idx    E Section Name        Object

    0x08002800   0x000000ec   Data   RO          253    RESET               startup_stm32f10x_md.o
    0x080028ec   0x00000008   Code   RO         4058  * !!!main             c_w.l(__main.o)
    0x080028f4   0x00000034   Code   RO         4214    !!!scatter          c_w.l(__scatter.o)
    0x08002928   0x0000001a   Code   RO         4216    !!handler_copy      c_w.l(__scatter_copy.o)
    0x08002942   0x00000002   PAD
    0x08002944   0x0000001c   Code   RO         4218    !!handler_zi        c_w.l(__scatter_zi.o)
    0x08002960   0x00000002   Code   RO         4089    .ARM.Collect$$libinit$$00000000  c_w.l(libinit.o)
    0x08002962   0x00000000   Code   RO         4096    .ARM.Collect$$libinit$$00000002  c_w.l(libinit2.o)
    0x08002962   0x00000000   Code   RO         4098    .ARM.Collect$$libinit$$00000004  c_w.l(libinit2.o)
    0x08002962   0x00000000   Code   RO         4101    .ARM.Collect$$libinit$$0000000A  c_w.l(libinit2.o)
    0x08002962   0x00000000   Code   RO         4103    .ARM.Collect$$libinit$$0000000C  c_w.l(libinit2.o)
    0x08002962   0x00000000   Code   RO         4105    .ARM.Collect$$libinit$$0000000E  c_w.l(libinit2.o)
    0x08002962   0x00000000   Code   RO         4108    .ARM.Collect$$libinit$$00000011  c_w.l(libinit2.o)
    0x08002962   0x00000000   Code   RO         4110    .ARM.Collect$$libinit$$00000013  c_w.l(libinit2.o)
    0x08002962   0x00000000   Code   RO         4112    .ARM.Collect$$libinit$$00000015  c_w.l(libinit2.o)
    0x08002962   0x00000000   Code   RO         4114    .ARM.Collect$$libinit$$00000017  c_w.l(libinit2.o)
    0x08002962   0x00000000   Code   RO         4116    .ARM.Collect$$libinit$$00000019  c_w.l(libinit2.o)
    0x08002962   0x00000000   Code   RO         4118    .ARM.Collect$$libinit$$0000001B  c_w.l(libinit2.o)
    0x08002962   0x00000000   Code   RO         4120    .ARM.Collect$$libinit$$0000001D  c_w.l(libinit2.o)
    0x08002962   0x00000000   Code   RO         4122    .ARM.Collect$$libinit$$0000001F  c_w.l(libinit2.o)
    0x08002962   0x00000000   Code   RO         4124    .ARM.Collect$$libinit$$00000021  c_w.l(libinit2.o)
    0x08002962   0x00000000   Code   RO         4126    .ARM.Collect$$libinit$$00000023  c_w.l(libinit2.o)
    0x08002962   0x00000000   Code   RO         4128    .ARM.Collect$$libinit$$00000025  c_w.l(libinit2.o)
    0x08002962   0x00000000   Code   RO         4132    .ARM.Collect$$libinit$$0000002C  c_w.l(libinit2.o)
    0x08002962   0x00000000   Code   RO         4134    .ARM.Collect$$libinit$$0000002E  c_w.l(libinit2.o)
    0x08002962   0x00000000   Code   RO         4136    .ARM.Collect$$libinit$$00000030  c_w.l(libinit2.o)
    0x08002962   0x00000000   Code   RO         4138    .ARM.Collect$$libinit$$00000032  c_w.l(libinit2.o)
    0x08002962   0x00000002   Code   RO         4139    .ARM.Collect$$libinit$$00000033  c_w.l(libinit2.o)
    0x08002964   0x00000002   Code   RO         4157    .ARM.Collect$$libshutdown$$00000000  c_w.l(libshutdown.o)
    0x08002966   0x00000000   Code   RO         4168    .ARM.Collect$$libshutdown$$00000003  c_w.l(libshutdown2.o)
    0x08002966   0x00000000   Code   RO         4171    .ARM.Collect$$libshutdown$$00000006  c_w.l(libshutdown2.o)
    0x08002966   0x00000000   Code   RO         4174    .ARM.Collect$$libshutdown$$00000009  c_w.l(libshutdown2.o)
    0x08002966   0x00000000   Code   RO         4176    .ARM.Collect$$libshutdown$$0000000B  c_w.l(libshutdown2.o)
    0x08002966   0x00000000   Code   RO         4179    .ARM.Collect$$libshutdown$$0000000E  c_w.l(libshutdown2.o)
    0x08002966   0x00000002   Code   RO         4180    .ARM.Collect$$libshutdown$$0000000F  c_w.l(libshutdown2.o)
    0x08002968   0x00000000   Code   RO         4062    .ARM.Collect$$rtentry$$00000000  c_w.l(__rtentry.o)
    0x08002968   0x00000000   Code   RO         4066    .ARM.Collect$$rtentry$$00000002  c_w.l(__rtentry2.o)
    0x08002968   0x00000006   Code   RO         4078    .ARM.Collect$$rtentry$$00000004  c_w.l(__rtentry4.o)
    0x0800296e   0x00000000   Code   RO         4068    .ARM.Collect$$rtentry$$00000009  c_w.l(__rtentry2.o)
    0x0800296e   0x00000004   Code   RO         4069    .ARM.Collect$$rtentry$$0000000A  c_w.l(__rtentry2.o)
    0x08002972   0x00000000   Code   RO         4071    .ARM.Collect$$rtentry$$0000000C  c_w.l(__rtentry2.o)
    0x08002972   0x00000008   Code   RO         4072    .ARM.Collect$$rtentry$$0000000D  c_w.l(__rtentry2.o)
    0x0800297a   0x00000002   Code   RO         4093    .ARM.Collect$$rtexit$$00000000  c_w.l(rtexit.o)
    0x0800297c   0x00000000   Code   RO         4141    .ARM.Collect$$rtexit$$00000002  c_w.l(rtexit2.o)
    0x0800297c   0x00000004   Code   RO         4142    .ARM.Collect$$rtexit$$00000003  c_w.l(rtexit2.o)
    0x08002980   0x00000006   Code   RO         4143    .ARM.Collect$$rtexit$$00000004  c_w.l(rtexit2.o)
    0x08002986   0x00000002   PAD
    0x08002988   0x00000040   Code   RO          254    .text               startup_stm32f10x_md.o
    0x080029c8   0x00000002   Code   RO         4050    .text               c_w.l(use_no_semi_2.o)
    0x080029ca   0x0000008a   Code   RO         4052    .text               c_w.l(rt_memcpy_v6.o)
    0x08002a54   0x0000004e   Code   RO         4054    .text               c_w.l(rt_memclr_w.o)
    0x08002aa2   0x00000006   Code   RO         4056    .text               c_w.l(heapauxi.o)
    0x08002aa8   0x00000002   Code   RO         4060    .text               c_w.l(use_no_semi.o)
    0x08002aaa   0x00000064   Code   RO         4063    .text               c_w.l(rt_memcpy_w.o)
    0x08002b0e   0x0000004a   Code   RO         4080    .text               c_w.l(sys_stackheap_outer.o)
    0x08002b58   0x0000000c   Code   RO         4082    .text               c_w.l(exit.o)
    0x08002b64   0x00000008   Code   RO         4090    .text               c_w.l(libspace.o)
    0x08002b6c   0x00000098   Code   RO         3772    i.AS32_Param_Init   drv_as62.o
    0x08002c04   0x0000003c   Code   RO         3774    i.AS32_TX_none      drv_as62.o
    0x08002c40   0x00000004   Code   RO          131    i.BusFault_Handler  stm32f10x_it.o
    0x08002c44   0x00000138   Code   RO         3803    i.Cfg_Model         cmd.o
    0x08002d7c   0x00000028   Code   RO         3455    i.Clear_Cupture     receive.o
    0x08002da4   0x00000048   Code   RO         3805    i.Cmd_cs_off        cmd.o
    0x08002dec   0x00000048   Code   RO         3806    i.Cmd_cs_on         cmd.o
    0x08002e34   0x00000058   Code   RO         3808    i.Cmd_jh_off        cmd.o
    0x08002e8c   0x00000058   Code   RO         3809    i.Cmd_jh_on         cmd.o
    0x08002ee4   0x00000098   Code   RO         3810    i.Cmd_kt_down       cmd.o
    0x08002f7c   0x00000098   Code   RO         3811    i.Cmd_kt_off        cmd.o
    0x08003014   0x00000090   Code   RO         3812    i.Cmd_kt_on         cmd.o
    0x080030a4   0x00000094   Code   RO         3813    i.Cmd_kt_up         cmd.o
    0x08003138   0x00000138   Code   RO         3398    i.Config_Init       config.o
    0x08003270   0x00000002   Code   RO          132    i.DebugMon_Handler  stm32f10x_it.o
    0x08003272   0x00000076   Code   RO            1    i.DeviceLEDType     main.o
    0x080032e8   0x0000004c   Code   RO         1132    i.FLASH_ErasePage   stm32f10x_flash.o
    0x08003334   0x00000034   Code   RO         1133    i.FLASH_GetBank1Status  stm32f10x_flash.o
    0x08003368   0x00000014   Code   RO         1142    i.FLASH_Lock        stm32f10x_flash.o
    0x0800337c   0x00000040   Code   RO         1145    i.FLASH_ProgramHalfWord  stm32f10x_flash.o
    0x080033bc   0x00000018   Code   RO         1150    i.FLASH_Unlock      stm32f10x_flash.o
    0x080033d4   0x00000026   Code   RO         1154    i.FLASH_WaitForLastOperation  stm32f10x_flash.o
    0x080033fa   0x00000116   Code   RO         1430    i.GPIO_Init         stm32f10x_gpio.o
    0x08003510   0x00000090   Code   RO         1432    i.GPIO_PinRemapConfig  stm32f10x_gpio.o
    0x080035a0   0x00000004   Code   RO         1437    i.GPIO_ResetBits    stm32f10x_gpio.o
    0x080035a4   0x00000004   Code   RO         1438    i.GPIO_SetBits      stm32f10x_gpio.o
    0x080035a8   0x00000060   Code   RO         3290    i.Get_BuffData      usart.o
    0x08003608   0x00000038   Code   RO         4027    i.Get_Crc16         crc8_16.o
    0x08003640   0x00000014   Code   RO         3814    i.Get_Key           cmd.o
    0x08003654   0x000000e0   Code   RO         3923    i.Get_cmd_NEW_MODE  cmd1.o
    0x08003734   0x00000004   Code   RO          133    i.HardFault_Handler  stm32f10x_it.o
    0x08003738   0x00000010   Code   RO         1742    i.IWDG_Enable       stm32f10x_iwdg.o
    0x08003748   0x00000008   Code   RO         3754    i.IWDG_Feed         wdg.o
    0x08003750   0x00000024   Code   RO         3755    i.IWDG_Init         wdg.o
    0x08003774   0x00000010   Code   RO         1744    i.IWDG_ReloadCounter  stm32f10x_iwdg.o
    0x08003784   0x0000000c   Code   RO         1745    i.IWDG_SetPrescaler  stm32f10x_iwdg.o
    0x08003790   0x0000000c   Code   RO         1746    i.IWDG_SetReload    stm32f10x_iwdg.o
    0x0800379c   0x0000000c   Code   RO         1747    i.IWDG_WriteAccessCmd  stm32f10x_iwdg.o
    0x080037a8   0x00000060   Code   RO         3815    i.KEY_IRQHandler    cmd.o
    0x08003808   0x00000038   Code   RO         3600    i.Load_Config       stmflash.o
    0x08003840   0x00000018   Code   RO         3601    i.Load_Key_Down     stmflash.o
    0x08003858   0x00000018   Code   RO         3602    i.Load_Key_Off      stmflash.o
    0x08003870   0x00000018   Code   RO         3603    i.Load_Key_On       stmflash.o
    0x08003888   0x00000018   Code   RO         3604    i.Load_Key_Up       stmflash.o
    0x080038a0   0x00000004   Code   RO          134    i.MemManage_Handler  stm32f10x_it.o
    0x080038a4   0x000000e2   Code   RO         3924    i.MyDevice_On       cmd1.o
    0x08003986   0x00000002   Code   RO          135    i.NMI_Handler       stm32f10x_it.o
    0x08003988   0x0000000c   Code   RO         3278    i.NVIC_Configuration  sys.o
    0x08003994   0x00000070   Code   RO          258    i.NVIC_Init         misc.o
    0x08003a04   0x00000014   Code   RO          259    i.NVIC_PriorityGroupConfig  misc.o
    0x08003a18   0x00000014   Code   RO          260    i.NVIC_SetVectorTable  misc.o
    0x08003a2c   0x00000002   Code   RO          136    i.PendSV_Handler    stm32f10x_it.o
    0x08003a2e   0x00000002   PAD
    0x08003a30   0x00000020   Code   RO         1849    i.RCC_APB1PeriphClockCmd  stm32f10x_rcc.o
    0x08003a50   0x00000020   Code   RO         1850    i.RCC_APB1PeriphResetCmd  stm32f10x_rcc.o
    0x08003a70   0x00000020   Code   RO         1851    i.RCC_APB2PeriphClockCmd  stm32f10x_rcc.o
    0x08003a90   0x00000020   Code   RO         1852    i.RCC_APB2PeriphResetCmd  stm32f10x_rcc.o
    0x08003ab0   0x000000d4   Code   RO         1859    i.RCC_GetClocksFreq  stm32f10x_rcc.o
    0x08003b84   0x00000058   Code   RO         3291    i.RECV_MODE1_IRQ    usart.o
    0x08003bdc   0x00000050   Code   RO         3699    i.RS485_Receive_Data  uart_485.o
    0x08003c2c   0x00000054   Code   RO         3700    i.RS485_Send_Data   uart_485.o
    0x08003c80   0x00000028   Code   RO         3456    i.ReceiveEnd_IRQHandler  receive.o
    0x08003ca8   0x00000028   Code   RO         3457    i.Receive_Cmd       receive.o
    0x08003cd0   0x00000024   Code   RO         3460    i.Receive_GetState  receive.o
    0x08003cf4   0x00000044   Code   RO         3461    i.Receive_SaveKey   receive.o
    0x08003d38   0x0000006c   Code   RO         3462    i.Receive_USER      receive.o
    0x08003da4   0x000000c8   Code   RO         3463    i.Receive_init      receive.o
    0x08003e6c   0x0000002c   Code   RO         3528    i.Remote_End        remote.o
    0x08003e98   0x00000238   Code   RO         3529    i.Remote_GREE       remote.o
    0x080040d0   0x0000000c   Code   RO         3530    i.Remote_GetState   remote.o
    0x080040dc   0x00000220   Code   RO         3531    i.Remote_MIDEA      remote.o
    0x080042fc   0x00000028   Code   RO         3532    i.Remote_Start      remote.o
    0x08004324   0x000000ac   Code   RO         3533    i.Remote_USER       remote.o
    0x080043d0   0x00000110   Code   RO         3534    i.Remote_init       remote.o
    0x080044e0   0x00000080   Code   RO         3535    i.Remote_send       remote.o
    0x08004560   0x000000e4   Code   RO         3536    i.Remote_send_USER  remote.o
    0x08004644   0x0000006e   Code   RO         3925    i.Return_NEW        cmd1.o
    0x080046b2   0x00000002   PAD
    0x080046b4   0x00000038   Code   RO         3926    i.Run_Time_IRQ      cmd1.o
    0x080046ec   0x00000022   Code   RO         3605    i.STMFLASH_Read     stmflash.o
    0x0800470e   0x00000006   Code   RO         3606    i.STMFLASH_ReadHalfWord  stmflash.o
    0x08004714   0x000000e8   Code   RO         3607    i.STMFLASH_Write    stmflash.o
    0x080047fc   0x00000026   Code   RO         3608    i.STMFLASH_Write_NoCheck  stmflash.o
    0x08004822   0x00000002   Code   RO          137    i.SVC_Handler       stm32f10x_it.o
    0x08004824   0x00000014   Code   RO         3609    i.Save_Config       stmflash.o
    0x08004838   0x00000018   Code   RO         3610    i.Save_Key_Down     stmflash.o
    0x08004850   0x00000018   Code   RO         3611    i.Save_Key_Off      stmflash.o
    0x08004868   0x00000018   Code   RO         3612    i.Save_Key_On       stmflash.o
    0x08004880   0x00000018   Code   RO         3613    i.Save_Key_Up       stmflash.o
    0x08004898   0x00000028   Code   RO         3293    i.See_BuffData      usart.o
    0x080048c0   0x00000024   Code   RO         3294    i.See_BuffNextData  usart.o
    0x080048e4   0x00000008   Code   RO          217    i.SetSysClock       system_stm32f10x.o
    0x080048ec   0x000000e0   Code   RO          218    i.SetSysClockTo72   system_stm32f10x.o
    0x080049cc   0x00000028   Code   RO          262    i.SysTick_CLKSourceConfig  misc.o
    0x080049f4   0x00000002   Code   RO          138    i.SysTick_Handler   stm32f10x_it.o
    0x080049f6   0x00000002   PAD
    0x080049f8   0x00000060   Code   RO          220    i.SystemInit        system_stm32f10x.o
    0x08004a58   0x00000042   Code   RO          194    i.System_Init       system_init.o
    0x08004a9a   0x00000002   PAD
    0x08004a9c   0x00000080   Code   RO         2467    i.TI1_Config        stm32f10x_tim.o
    0x08004b1c   0x00000098   Code   RO         2468    i.TI2_Config        stm32f10x_tim.o
    0x08004bb4   0x00000090   Code   RO         2469    i.TI3_Config        stm32f10x_tim.o
    0x08004c44   0x00000098   Code   RO         2470    i.TI4_Config        stm32f10x_tim.o
    0x08004cdc   0x0000001c   Code   RO         3537    i.TIM1_UP_IRQHandler  remote.o
    0x08004cf8   0x00000038   Code   RO         3464    i.TIM2_IRQHandler   receive.o
    0x08004d30   0x00000028   Code   RO         3816    i.TIM4_IRQHandler   cmd.o
    0x08004d58   0x00000064   Code   RO         3817    i.TIM4_TIMEout_init  cmd.o
    0x08004dbc   0x00000006   Code   RO         2478    i.TIM_ClearITPendingBit  stm32f10x_tim.o
    0x08004dc2   0x00000018   Code   RO         2483    i.TIM_Cmd           stm32f10x_tim.o
    0x08004dda   0x00000006   Code   RO         2499    i.TIM_GetCapture2   stm32f10x_tim.o
    0x08004de0   0x00000022   Code   RO         2504    i.TIM_GetITStatus   stm32f10x_tim.o
    0x08004e02   0x00000002   PAD
    0x08004e04   0x000000ac   Code   RO         2506    i.TIM_ICInit        stm32f10x_tim.o
    0x08004eb0   0x00000012   Code   RO         2508    i.TIM_ITConfig      stm32f10x_tim.o
    0x08004ec2   0x00000002   PAD
    0x08004ec4   0x0000007c   Code   RO         2527    i.TIM_OC4Init       stm32f10x_tim.o
    0x08004f40   0x0000001a   Code   RO         2529    i.TIM_OC4PreloadConfig  stm32f10x_tim.o
    0x08004f5a   0x00000004   Code   RO         2548    i.TIM_SetCounter    stm32f10x_tim.o
    0x08004f5e   0x00000012   Code   RO         2549    i.TIM_SetIC1Prescaler  stm32f10x_tim.o
    0x08004f70   0x0000001a   Code   RO         2550    i.TIM_SetIC2Prescaler  stm32f10x_tim.o
    0x08004f8a   0x00000012   Code   RO         2551    i.TIM_SetIC3Prescaler  stm32f10x_tim.o
    0x08004f9c   0x0000001a   Code   RO         2552    i.TIM_SetIC4Prescaler  stm32f10x_tim.o
    0x08004fb6   0x00000002   PAD
    0x08004fb8   0x000000a4   Code   RO         2554    i.TIM_TimeBaseInit  stm32f10x_tim.o
    0x0800505c   0x00000040   Code   RO         3818    i.Time_Out_IRQ      cmd.o
    0x0800509c   0x00000100   Code   RO         3295    i.USART1_GetCmd_MODE1  usart.o
    0x0800519c   0x000000e4   Code   RO         3297    i.USART1_GetCmd_MODE2_1  usart.o
    0x08005280   0x00000060   Code   RO         3299    i.USART1_IRQHandler  usart.o
    0x080052e0   0x000000bc   Code   RO         3300    i.USART1_Init       usart.o
    0x0800539c   0x00000038   Code   RO         3302    i.USART1_tx_bytes   usart.o
    0x080053d4   0x00000040   Code   RO         3701    i.USART3_IRQHandler  uart_485.o
    0x08005414   0x000000dc   Code   RO         3702    i.USART3_Init       uart_485.o
    0x080054f0   0x00000012   Code   RO         3015    i.USART_ClearFlag   stm32f10x_usart.o
    0x08005502   0x00000018   Code   RO         3019    i.USART_Cmd         stm32f10x_usart.o
    0x0800551a   0x00000002   PAD
    0x0800551c   0x0000009c   Code   RO         3021    i.USART_DeInit      stm32f10x_usart.o
    0x080055b8   0x0000001a   Code   RO         3022    i.USART_GetFlagStatus  stm32f10x_usart.o
    0x080055d2   0x00000054   Code   RO         3023    i.USART_GetITStatus  stm32f10x_usart.o
    0x08005626   0x0000004a   Code   RO         3025    i.USART_ITConfig    stm32f10x_usart.o
    0x08005670   0x000000d8   Code   RO         3026    i.USART_Init        stm32f10x_usart.o
    0x08005748   0x0000000a   Code   RO         3033    i.USART_ReceiveData  stm32f10x_usart.o
    0x08005752   0x00000008   Code   RO         3036    i.USART_SendData    stm32f10x_usart.o
    0x0800575a   0x00000004   Code   RO          139    i.UsageFault_Handler  stm32f10x_it.o
    0x0800575e   0x00000006   Code   RO         3303    i._sys_exit         usart.o
    0x08005764   0x000001b0   Code   RO         3927    i.cmd_0x01          cmd1.o
    0x08005914   0x000000d0   Code   RO         3928    i.cmd_0x02          cmd1.o
    0x080059e4   0x0000008c   Code   RO         3929    i.cmd_0x03          cmd1.o
    0x08005a70   0x000000e4   Code   RO         3930    i.cmd_0x04          cmd1.o
    0x08005b54   0x0000016c   Code   RO         3931    i.cmd_0x05          cmd1.o
    0x08005cc0   0x000000c4   Code   RO         3932    i.cmd_0x06          cmd1.o
    0x08005d84   0x00000042   Code   RO         3933    i.cmd_0x07          cmd1.o
    0x08005dc6   0x00000002   PAD
    0x08005dc8   0x000000c4   Code   RO         3934    i.cmd_0x08          cmd1.o
    0x08005e8c   0x00000048   Code   RO         3935    i.cmd_0x09          cmd1.o
    0x08005ed4   0x00000084   Code   RO         3437    i.control_init      control.o
    0x08005f58   0x000000a0   Code   RO         3438    i.control_run       control.o
    0x08005ff8   0x00000044   Code   RO         3252    i.delay_init        delay.o
    0x0800603c   0x0000004c   Code   RO         3253    i.delay_ms          delay.o
    0x08006088   0x00000094   Code   RO            2    i.main              main.o
    0x0800611c   0x000000d2   Code   RO         3819    i.run_output        cmd.o
    0x080061ee   0x00000002   PAD
    0x080061f0   0x000000e8   Code   RO         3703    i.water_err         uart_485.o
    0x080062d8   0x000000c0   Code   RO         3704    i.yiti_power        uart_485.o
    0x08006398   0x00000088   Code   RO         3705    i.yiti_set          uart_485.o
    0x08006420   0x00000050   Data   RO         3820    .constdata          cmd.o
    0x08006470   0x00000200   Data   RO         4029    .constdata          crc8_16.o
    0x08006670   0x00000020   Data   RO         4212    Region$$Table       anon$$obj.o


    Execution Region RW_IRAM1 (Base: 0x20000400, Size: 0x00000fd8, Max: 0x00004c00, ABSOLUTE)

    Base Addr    Size         Type   Attr      Idx    E Section Name        Object

    0x20000400   0x00000014   Data   RW          221    .data               system_stm32f10x.o
    0x20000414   0x00000014   Data   RW         1879    .data               stm32f10x_rcc.o
    0x20000428   0x00000004   Data   RW         3255    .data               delay.o
    0x2000042c   0x0000001e   Data   RW         3306    .data               usart.o
    0x2000044a   0x00000014   Data   RW         3402    .data               config.o
    0x2000045e   0x00000002   PAD
    0x20000460   0x0000000a   Data   RW         3466    .data               receive.o
    0x2000046a   0x00000002   PAD
    0x2000046c   0x0000000e   Data   RW         3539    .data               remote.o
    0x2000047a   0x00000002   PAD
    0x2000047c   0x00000008   Data   RW         3707    .data               uart_485.o
    0x20000484   0x00000012   Data   RW         3821    .data               cmd.o
    0x20000496   0x00000002   PAD
    0x20000498   0x00000005   Data   RW         3938    .data               cmd1.o
    0x2000049d   0x00000003   PAD
    0x200004a0   0x00000064   Zero   RW         3305    .bss                usart.o
    0x20000504   0x00000400   Zero   RW         3465    .bss                receive.o
    0x20000904   0x00000009   Zero   RW         3538    .bss                remote.o
    0x2000090d   0x00000001   PAD
    0x2000090e   0x00000400   Zero   RW         3615    .bss                stmflash.o
    0x20000d0e   0x00000064   Zero   RW         3706    .bss                uart_485.o
    0x20000d72   0x00000002   PAD
    0x20000d74   0x00000060   Zero   RW         4091    .bss                c_w.l(libspace.o)
    0x20000dd4   0x00000004   PAD
    0x20000dd8   0x00000200   Zero   RW          252    HEAP                startup_stm32f10x_md.o
    0x20000fd8   0x00000400   Zero   RW          251    STACK               startup_stm32f10x_md.o


==============================================================================

Image component sizes


      Code (inc. data)   RO Data    RW Data    ZI Data      Debug   Object Name

      1758        130         80         18          0       8692   cmd.o
      2518         62          0          5          0      24232   cmd1.o
       312         46          0         20          0       1194   config.o
       292         32          0          0          0       1165   control.o
         0          0          0          0          0         32   core_cm3.o
        56         10        512          0          0       1162   crc8_16.o
       144         22          0          4          0       1088   delay.o
       212         22          0          0          0       1445   drv_as62.o
       266         26          0          0          0     258579   main.o
       192         30          0          0          0       2359   misc.o
       588         74          0         10       1024       4784   receive.o
      2036        196          0         14          9       6589   remote.o
        64         26        236          0       1536        772   startup_stm32f10x_md.o
       274         30          0          0          0       3114   stm32f10x_flash.o
       430          6          0          0          0       3610   stm32f10x_gpio.o
        26          0          0          0          0       3586   stm32f10x_it.o
        68         30          0          0          0       2250   stm32f10x_iwdg.o
       340         44          0         20          0       5260   stm32f10x_rcc.o
      1242        160          0          0          0      10875   stm32f10x_tim.o
       616         28          0          0          0       6802   stm32f10x_usart.o
       578         84          0          0       1024       8047   stmflash.o
        12          0          0          0          0        425   sys.o
        66          0          0          0          0        450   system_init.o
       328         28          0         20          0       2017   system_stm32f10x.o
      1008         58          0          8        100       5318   uart_485.o
      1090        132          0         30        100       8474   usart.o
        44          0          0          0          0        916   wdg.o

    ----------------------------------------------------------------------
     14580       1276        860        160       3796     373237   Object Totals
         0          0         32          0          0          0   (incl. Generated)
        20          0          0         11          3          0   (incl. Padding)

    ----------------------------------------------------------------------

      Code (inc. data)   RO Data    RW Data    ZI Data      Debug   Library Member Name

         8          0          0          0          0         68   __main.o
         0          0          0          0          0          0   __rtentry.o
        12          0          0          0          0          0   __rtentry2.o
         6          0          0          0          0          0   __rtentry4.o
        52          8          0          0          0          0   __scatter.o
        26          0          0          0          0          0   __scatter_copy.o
        28          0          0          0          0          0   __scatter_zi.o
        12          0          0          0          0         72   exit.o
         6          0          0          0          0        152   heapauxi.o
         2          0          0          0          0          0   libinit.o
         2          0          0          0          0          0   libinit2.o
         2          0          0          0          0          0   libshutdown.o
         2          0          0          0          0          0   libshutdown2.o
         8          4          0          0         96         68   libspace.o
        78          0          0          0          0         80   rt_memclr_w.o
       138          0          0          0          0         68   rt_memcpy_v6.o
       100          0          0          0          0         80   rt_memcpy_w.o
         2          0          0          0          0          0   rtexit.o
        10          0          0          0          0          0   rtexit2.o
        74          0          0          0          0         80   sys_stackheap_outer.o
         2          0          0          0          0         68   use_no_semi.o
         2          0          0          0          0         68   use_no_semi_2.o

    ----------------------------------------------------------------------
       576         12          0          0        100        804   Library Totals
         4          0          0          0          4          0   (incl. Padding)

    ----------------------------------------------------------------------

      Code (inc. data)   RO Data    RW Data    ZI Data      Debug   Library Name

       572         12          0          0         96        804   c_w.l

    ----------------------------------------------------------------------
       576         12          0          0        100        804   Library Totals

    ----------------------------------------------------------------------

==============================================================================


      Code (inc. data)   RO Data    RW Data    ZI Data      Debug   

     15156       1288        860        160       3896     365977   Grand Totals
     15156       1288        860        160       3896     365977   ELF Image Totals
     15156       1288        860        160          0          0   ROM Totals

==============================================================================

    Total RO  Size (Code + RO Data)                16016 (  15.64kB)
    Total RW  Size (RW Data + ZI Data)              4056 (   3.96kB)
    Total ROM Size (Code + RO Data + RW Data)      16176 (  15.80kB)

==============================================================================

